<html>
<body>
<pre>
<h1>µVision Build Log</h1>
<h2>Tool Versions:</h2>
IDE-Version: µVision V5.33.0.0
Copyright (C) 2020 ARM Ltd and ARM Germany GmbH. All rights reserved.
License Information: Ibrahim Foley, Notyet, LIC=----
 
Tool Versions:
Toolchain:       MDK-Lite  Version: 5.33.0.0
Toolchain Path:  C:\Keil_v5\ARM\ARMCLANG\Bin
C Compiler:      ArmClang.exe V6.15
Assembler:       Armasm.exe V6.15
Linker/Locator:  ArmLink.exe V6.15
Library Manager: ArmAr.exe V6.15
Hex Converter:   FromElf.exe V6.15
CPU DLL:         SARMCM3.DLL V5.33.0.0
Dialog DLL:      DCM.DLL V1.17.3.0
Target DLL:      STLink\ST-LINKIII-KEIL_SWO.dll V3.0.8.0
Dialog DLL:      TCM.DLL V1.48.0.0
 
<h2>Project:</h2>
C:\Users\Windows 10\Desktop\FreeRTOS\digital_clock\digital_clock.uvprojx
Project File Date:  01/19/2021

<h2>Output:</h2>
*** Using Compiler 'V6.15', folder: 'C:\Keil_v5\ARM\ARMCLANG\Bin'
Rebuild target 'Target 1'
digital_clock.c(1): warning: In file included from...
./push_button.h(5): warning: In file included from...
./Main.h(7): warning: no newline at end of file [-Wnewline-eof]
#endif /*__MAIN_H__*/
                     ^
digital_clock.c(1): warning: In file included from...
./push_button.h(36): warning: no newline at end of file [-Wnewline-eof]
#endif /*__PUSH_BUTTON_H__*/
                            ^
digital_clock.c(2): warning: In file included from...
./controller.h(34): warning: no newline at end of file [-Wnewline-eof]
#endif /*__CONTROLLER_H__*/
                           ^
digital_clock.c(3): warning: In file included from...
./disp.h(15): warning: no newline at end of file [-Wnewline-eof]
#endif /*__DISP_H__*/
                     ^
digital_clock.c(4): warning: In file included from...
./ssd.h(58): warning: no newline at end of file [-Wnewline-eof]
#endif /*__SSD_H__*/
                    ^
digital_clock.c(8): warning: In file included from...
./gpio.h(17): warning: no newline at end of file [-Wnewline-eof]
#endif /*__GPIO_H__*/
                     ^
6 warnings generated.
compiling digital_clock.c...
push_button.c(3): warning: In file included from...
./push_button.h(5): warning: In file included from...
./Main.h(7): warning: no newline at end of file [-Wnewline-eof]
#endif /*__MAIN_H__*/
                     ^
push_button.c(3): warning: In file included from...
./push_button.h(36): warning: no newline at end of file [-Wnewline-eof]
#endif /*__PUSH_BUTTON_H__*/
                            ^
push_button.c(4): warning: In file included from...
./gpio.h(17): warning: no newline at end of file [-Wnewline-eof]
#endif /*__GPIO_H__*/
                     ^
push_button.c(5): warning: In file included from...
./Port.h(32): warning: no newline at end of file [-Wnewline-eof]
#endif /*__PORT_H__*/
                     ^
push_button.c(45): warning: default label in switch which covers all enumeration values [-Wcovered-switch-default]
                        default : 
                        ^
push_button.c(94): warning: default label in switch which covers all enumeration values [-Wcovered-switch-default]
                                default :
                                ^
push_button.c(160): warning: default label in switch which covers all enumeration values [-Wcovered-switch-default]
                                default :
                                ^
push_button.c(65): warning: unused parameter 'param' [-Wunused-parameter]
void pb_update(void *param)
                     ^
push_button.c(66): warning: function 'pb_update' could be declared with attribute 'noreturn' [-Wmissing-noreturn]
{
^
9 warnings generated.
compiling push_button.c...
ssd.c(3): warning: In file included from...
./ssd.h(4): warning: In file included from...
./Main.h(7): warning: no newline at end of file [-Wnewline-eof]
#endif /*__MAIN_H__*/
                     ^
ssd.c(3): warning: In file included from...
./ssd.h(58): warning: no newline at end of file [-Wnewline-eof]
#endif /*__SSD_H__*/
                    ^
ssd.c(4): warning: In file included from...
./Port.h(32): warning: no newline at end of file [-Wnewline-eof]
#endif /*__PORT_H__*/
                     ^
ssd.c(5): warning: In file included from...
./gpio.h(17): warning: no newline at end of file [-Wnewline-eof]
#endif /*__GPIO_H__*/
                     ^
ssd.c(15): warning: binary integer literals are a GNU extension [-Wgnu-binary-literal]
    0b00111111,
    ^
ssd.c(16): warning: binary integer literals are a GNU extension [-Wgnu-binary-literal]
    0b00000110,
    ^
ssd.c(17): warning: binary integer literals are a GNU extension [-Wgnu-binary-literal]
    0b01011011,
    ^
ssd.c(18): warning: binary integer literals are a GNU extension [-Wgnu-binary-literal]
    0b01001111,
    ^
ssd.c(19): warning: binary integer literals are a GNU extension [-Wgnu-binary-literal]
    0b01100110,
    ^
ssd.c(20): warning: binary integer literals are a GNU extension [-Wgnu-binary-literal]
    0b01101101,
    ^
ssd.c(21): warning: binary integer literals are a GNU extension [-Wgnu-binary-literal]
    0b01111101,
    ^
ssd.c(22): warning: binary integer literals are a GNU extension [-Wgnu-binary-literal]
    0b00000111,
    ^
ssd.c(23): warning: binary integer literals are a GNU extension [-Wgnu-binary-literal]
    0b01111111,
    ^
ssd.c(24): warning: binary integer literals are a GNU extension [-Wgnu-binary-literal]
    0b01101111,
    ^
ssd.c(25): warning: binary integer literals are a GNU extension [-Wgnu-binary-literal]
    0b00000000
    ^
ssd.c(13): warning: no previous extern declaration for non-static variable 'ssd_data' [-Wmissing-variable-declarations]
const uint8_t ssd_data[] =
              ^
ssd.c(13): note: declare 'static' if the variable is not intended to be used outside of this translation unit
const uint8_t ssd_data[] =
      ^
ssd.c(62): warning: default label in switch which covers all enumeration values [-Wcovered-switch-default]
                        default :
                        ^
ssd.c(76): warning: unused parameter 'param' [-Wunused-parameter]
void ssd_update(void *param)
                      ^
ssd.c(77): warning: function 'ssd_update' could be declared with attribute 'noreturn' [-Wmissing-noreturn]
{
^
ssd.c(138): warning: default label in switch which covers all enumeration values [-Wcovered-switch-default]
                default :
                ^
ssd.c(165): warning: default label in switch which covers all enumeration values [-Wcovered-switch-default]
                default :
                ^
ssd.c(215): warning: no newline at end of file [-Wnewline-eof]
}
 ^
ssd.c(9): warning: no previous extern declaration for non-static variable 'ssd_symbol' [-Wmissing-variable-declarations]
ssd_symbol_t ssd_symbol[SSD_MAX_N];
             ^
ssd.c(9): note: declare 'static' if the variable is not intended to be used outside of this translation unit
ssd_symbol_t ssd_symbol[SSD_MAX_N];
^
23 warnings generated.
compiling ssd.c...
disp.c(3): warning: In file included from...
./disp.h(4): warning: In file included from...
./Main.h(7): warning: no newline at end of file [-Wnewline-eof]
#endif /*__MAIN_H__*/
                     ^
disp.c(3): warning: In file included from...
./disp.h(15): warning: no newline at end of file [-Wnewline-eof]
#endif /*__DISP_H__*/
                     ^
disp.c(4): warning: In file included from...
./controller.h(34): warning: no newline at end of file [-Wnewline-eof]
#endif /*__CONTROLLER_H__*/
                           ^
disp.c(5): warning: In file included from...
./ssd.h(58): warning: no newline at end of file [-Wnewline-eof]
#endif /*__SSD_H__*/
                    ^
disp.c(101): warning: default label in switch which covers all enumeration values [-Wcovered-switch-default]
                        default :
                        ^
disp.c(20): warning: unused parameter 'param' [-Wunused-parameter]
void disp_update(void *param)
                       ^
disp.c(21): warning: function 'disp_update' could be declared with attribute 'noreturn' [-Wmissing-noreturn]
{
^
disp.c(112): warning: no newline at end of file [-Wnewline-eof]
}
 ^
8 warnings generated.
compiling disp.c...
controller.c(3): warning: In file included from...
./controller.h(4): warning: In file included from...
./Main.h(7): warning: no newline at end of file [-Wnewline-eof]
#endif /*__MAIN_H__*/
                     ^
controller.c(3): warning: In file included from...
./controller.h(34): warning: no newline at end of file [-Wnewline-eof]
#endif /*__CONTROLLER_H__*/
                           ^
controller.c(4): warning: In file included from...
./push_button.h(36): warning: no newline at end of file [-Wnewline-eof]
#endif /*__PUSH_BUTTON_H__*/
                            ^
controller.c(5): warning: In file included from...
./disp.h(15): warning: no newline at end of file [-Wnewline-eof]
#endif /*__DISP_H__*/
                     ^
controller.c(136): warning: default label in switch which covers all enumeration values [-Wcovered-switch-default]
                        default :
                        ^
controller.c(24): warning: unused parameter 'param' [-Wunused-parameter]
void digital_clock_update(void * param)
                                 ^
controller.c(25): warning: function 'digital_clock_update' could be declared with attribute 'noreturn' [-Wmissing-noreturn]
{
^
7 warnings generated.
compiling controller.c...
gpio.c(1): warning: In file included from...
./gpio.h(17): warning: no newline at end of file [-Wnewline-eof]
#endif /*__GPIO_H__*/
                     ^
gpio.c(16): warning: default label in switch which covers all enumeration values [-Wcovered-switch-default]
                default :
                ^
gpio.c(45): warning: no newline at end of file [-Wnewline-eof]
}
 ^
3 warnings generated.
compiling gpio.c...
peripheral_clock.c(2): warning: In file included from...
./Main.h(7): warning: no newline at end of file [-Wnewline-eof]
#endif /*__MAIN_H__*/
                     ^
1 warning generated.
compiling peripheral_clock.c...
C:/Users/Windows 10/AppData/Local/Arm/Packs/Keil/STM32F1xx_DFP/2.3.0/Device/StdPeriph_Driver/src/misc.c(132): warning: implicit conversion loses integer precision: 'uint32_t' (aka 'unsigned int') to 'uint8_t' (aka 'unsigned char') [-Wimplicit-int-conversion]
    NVIC->IP[NVIC_InitStruct->NVIC_IRQChannel] = tmppriority;
                                               ~ ^~~~~~~~~~~
1 warning generated.
compiling misc.c...
compiling stm32f10x_gpio.c...
compiling stm32f10x_rcc.c...
assembling startup_stm32f10x_md.s...
compiling freertos_evr.c...
RTE/Device/STM32F102C8/system_stm32f10x.c(167): warning: no previous extern declaration for non-static variable 'AHBPrescTable' [-Wmissing-variable-declarations]
__I uint8_t AHBPrescTable[16] = {0, 0, 0, 0, 0, 0, 0, 0, 1, 2, 3, 4, 6, 7, 8, 9};
            ^
RTE/Device/STM32F102C8/system_stm32f10x.c(167): note: declare 'static' if the variable is not intended to be used outside of this translation unit
__I uint8_t AHBPrescTable[16] = {0, 0, 0, 0, 0, 0, 0, 0, 1, 2, 3, 4, 6, 7, 8, 9};
    ^
1 warning generated.
compiling system_stm32f10x.c...
compiling list.c...
C:/Users/Windows 10/AppData/Local/Arm/Packs/ARM/CMSIS-FreeRTOS/10.3.1/Source/portable/GCC/ARM_CM3/port.c(202): warning: empty expression statement has no effect; remove unnecessary ';' to silence this warning [-Wextra-semi-stmt]
        configASSERT( uxCriticalNesting == ~0UL );
                                                 ^
C:/Users/Windows 10/AppData/Local/Arm/Packs/ARM/CMSIS-FreeRTOS/10.3.1/Source/portable/GCC/ARM_CM3/port.c(261): warning: empty expression statement has no effect; remove unnecessary ';' to silence this warning [-Wextra-semi-stmt]
        configASSERT( configMAX_SYSCALL_INTERRUPT_PRIORITY );
                                                            ^
C:/Users/Windows 10/AppData/Local/Arm/Packs/ARM/CMSIS-FreeRTOS/10.3.1/Source/portable/GCC/ARM_CM3/port.c(310): warning: empty expression statement has no effect; remove unnecessary ';' to silence this warning [-Wextra-semi-stmt]
                        configASSERT( ( portMAX_PRIGROUP_BITS - ulMaxPRIGROUPValue ) == configPRIO_BITS );
                                                                                                         ^
C:/Users/Windows 10/AppData/Local/Arm/Packs/ARM/CMSIS-FreeRTOS/10.3.1/Source/portable/GCC/ARM_CM3/port.c(321): warning: implicit conversion loses integer precision: 'volatile uint32_t' (aka 'volatile unsigned int') to 'uint8_t' (aka 'unsigned char') [-Wimplicit-int-conversion]
                *pucFirstUserPriorityRegister = ulOriginalPriority;
                                              ~ ^~~~~~~~~~~~~~~~~~
C:/Users/Windows 10/AppData/Local/Arm/Packs/ARM/CMSIS-FreeRTOS/10.3.1/Source/portable/GCC/ARM_CM3/port.c(357): warning: empty expression statement has no effect; remove unnecessary ';' to silence this warning [-Wextra-semi-stmt]
        configASSERT( uxCriticalNesting == 1000UL );
                                                   ^
C:/Users/Windows 10/AppData/Local/Arm/Packs/ARM/CMSIS-FreeRTOS/10.3.1/Source/portable/GCC/ARM_CM3/port.c(373): warning: empty expression statement has no effect; remove unnecessary ';' to silence this warning [-Wextra-semi-stmt]
                configASSERT( ( portNVIC_INT_CTRL_REG & portVECTACTIVE_MASK ) == 0 );
                                                                                    ^
C:/Users/Windows 10/AppData/Local/Arm/Packs/ARM/CMSIS-FreeRTOS/10.3.1/Source/portable/GCC/ARM_CM3/port.c(380): warning: empty expression statement has no effect; remove unnecessary ';' to silence this warning [-Wextra-semi-stmt]
        configASSERT( uxCriticalNesting );
                                         ^
C:/Users/Windows 10/AppData/Local/Arm/Packs/ARM/CMSIS-FreeRTOS/10.3.1/Source/portable/GCC/ARM_CM3/port.c(677): warning: empty expression statement has no effect; remove unnecessary ';' to silence this warning [-Wextra-semi-stmt]
                        configASSERT( ucCurrentPriority >= ucMaxSysCallPriority );
                                                                                 ^
C:/Users/Windows 10/AppData/Local/Arm/Packs/ARM/CMSIS-FreeRTOS/10.3.1/Source/portable/GCC/ARM_CM3/port.c(693): warning: empty expression statement has no effect; remove unnecessary ';' to silence this warning [-Wextra-semi-stmt]
                configASSERT( ( portAIRCR_REG & portPRIORITY_GROUP_MASK ) <= ulMaxPRIGROUPValue );
                                                                                                 ^
9 warnings generated.
compiling port.c...
C:/Users/Windows 10/AppData/Local/Arm/Packs/ARM/CMSIS-FreeRTOS/10.3.1/Source/portable/MemMang/heap_4.c(151): warning: empty expression statement has no effect; remove unnecessary ';' to silence this warning [-Wextra-semi-stmt]
                                        configASSERT( ( xWantedSize & portBYTE_ALIGNMENT_MASK ) == 0 );
                                                                                                      ^
C:/Users/Windows 10/AppData/Local/Arm/Packs/ARM/CMSIS-FreeRTOS/10.3.1/Source/portable/MemMang/heap_4.c(196): warning: empty expression statement has no effect; remove unnecessary ';' to silence this warning [-Wextra-semi-stmt]
                                                configASSERT( ( ( ( size_t ) pxNewBlockLink ) & portBYTE_ALIGNMENT_MASK ) == 0 );
                                                                                                                                ^
C:/Users/Windows 10/AppData/Local/Arm/Packs/ARM/CMSIS-FreeRTOS/10.3.1/Source/portable/MemMang/heap_4.c(261): warning: empty expression statement has no effect; remove unnecessary ';' to silence this warning [-Wextra-semi-stmt]
        configASSERT( ( ( ( size_t ) pvReturn ) & ( size_t ) portBYTE_ALIGNMENT_MASK ) == 0 );
                                                                                             ^
C:/Users/Windows 10/AppData/Local/Arm/Packs/ARM/CMSIS-FreeRTOS/10.3.1/Source/portable/MemMang/heap_4.c(281): warning: empty expression statement has no effect; remove unnecessary ';' to silence this warning [-Wextra-semi-stmt]
                configASSERT( ( pxLink->xBlockSize & xBlockAllocatedBit ) != 0 );
                                                                                ^
C:/Users/Windows 10/AppData/Local/Arm/Packs/ARM/CMSIS-FreeRTOS/10.3.1/Source/portable/MemMang/heap_4.c(282): warning: empty expression statement has no effect; remove unnecessary ';' to silence this warning [-Wextra-semi-stmt]
                configASSERT( pxLink->pxNextFreeBlock == NULL );
                                                               ^
5 warnings generated.
compiling heap_4.c...
C:/Users/Windows 10/AppData/Local/Arm/Packs/ARM/CMSIS-FreeRTOS/10.3.1/Source/queue.c(259): warning: empty expression statement has no effect; remove unnecessary ';' to silence this warning [-Wextra-semi-stmt]
        configASSERT( pxQueue );
                               ^
C:/Users/Windows 10/AppData/Local/Arm/Packs/ARM/CMSIS-FreeRTOS/10.3.1/Source/queue.c(281): warning: empty expression statement has no effect; remove unnecessary ';' to silence this warning [-Wextra-semi-stmt]
                                        queueYIELD_IF_USING_PREEMPTION();
                                                                        ^
C:/Users/Windows 10/AppData/Local/Arm/Packs/ARM/CMSIS-FreeRTOS/10.3.1/Source/queue.c(123): warning: padding struct 'struct QueueDefinition' with 2 bytes to align 'pxQueueSetContainer' [-Wpadded]
                struct QueueDefinition *pxQueueSetContainer;
                                        ^
C:/Users/Windows 10/AppData/Local/Arm/Packs/ARM/CMSIS-FreeRTOS/10.3.1/Source/queue.c(97): warning: padding size of 'struct QueueDefinition' with 3 bytes to alignment boundary [-Wpadded]
typedef struct QueueDefinition          /* The old naming convention is used to prevent breaking kernel aware debuggers. */
               ^
C:/Users/Windows 10/AppData/Local/Arm/Packs/ARM/CMSIS-FreeRTOS/10.3.1/Source/queue.c(374): warning: empty expression statement has no effect; remove unnecessary ';' to silence this warning [-Wextra-semi-stmt]
                configASSERT( uxQueueLength > ( UBaseType_t ) 0 );
                                                                 ^
C:/Users/Windows 10/AppData/Local/Arm/Packs/ARM/CMSIS-FreeRTOS/10.3.1/Source/queue.c(567): warning: empty expression statement has no effect; remove unnecessary ';' to silence this warning [-Wextra-semi-stmt]
                configASSERT( xSemaphore );
                                          ^
C:/Users/Windows 10/AppData/Local/Arm/Packs/ARM/CMSIS-FreeRTOS/10.3.1/Source/queue.c(594): warning: empty expression statement has no effect; remove unnecessary ';' to silence this warning [-Wextra-semi-stmt]
                configASSERT( pxMutex );
                                       ^
C:/Users/Windows 10/AppData/Local/Arm/Packs/ARM/CMSIS-FreeRTOS/10.3.1/Source/queue.c(649): warning: empty expression statement has no effect; remove unnecessary ';' to silence this warning [-Wextra-semi-stmt]
                configASSERT( pxMutex );
                                       ^
C:/Users/Windows 10/AppData/Local/Arm/Packs/ARM/CMSIS-FreeRTOS/10.3.1/Source/queue.c(718): warning: empty expression statement has no effect; remove unnecessary ';' to silence this warning [-Wextra-semi-stmt]
                configASSERT( uxMaxCount != 0 );
                                               ^
C:/Users/Windows 10/AppData/Local/Arm/Packs/ARM/CMSIS-FreeRTOS/10.3.1/Source/queue.c(719): warning: empty expression statement has no effect; remove unnecessary ';' to silence this warning [-Wextra-semi-stmt]
                configASSERT( uxInitialCount <= uxMaxCount );
                                                            ^
C:/Users/Windows 10/AppData/Local/Arm/Packs/ARM/CMSIS-FreeRTOS/10.3.1/Source/queue.c(746): warning: empty expression statement has no effect; remove unnecessary ';' to silence this warning [-Wextra-semi-stmt]
        configASSERT( pxQueue );
                               ^
C:/Users/Windows 10/AppData/Local/Arm/Packs/ARM/CMSIS-FreeRTOS/10.3.1/Source/queue.c(747): warning: empty expression statement has no effect; remove unnecessary ';' to silence this warning [-Wextra-semi-stmt]
        configASSERT( !( ( pvItemToQueue == NULL ) && ( pxQueue->uxItemSize != ( UBaseType_t ) 0U ) ) );
                                                                                                       ^
C:/Users/Windows 10/AppData/Local/Arm/Packs/ARM/CMSIS-FreeRTOS/10.3.1/Source/queue.c(748): warning: empty expression statement has no effect; remove unnecessary ';' to silence this warning [-Wextra-semi-stmt]
        configASSERT( !( ( xCopyPosition == queueOVERWRITE ) && ( pxQueue->uxLength != 1 ) ) );
                                                                                              ^
C:/Users/Windows 10/AppData/Local/Arm/Packs/ARM/CMSIS-FreeRTOS/10.3.1/Source/queue.c(751): warning: empty expression statement has no effect; remove unnecessary ';' to silence this warning [-Wextra-semi-stmt]
                configASSERT( !( ( xTaskGetSchedulerState() == taskSCHEDULER_SUSPENDED ) && ( xTicksToWait != 0 ) ) );
                                                                                                                     ^
C:/Users/Windows 10/AppData/Local/Arm/Packs/ARM/CMSIS-FreeRTOS/10.3.1/Source/queue.c(791): warning: empty expression statement has no effect; remove unnecessary ';' to silence this warning [-Wextra-semi-stmt]
                                                        queueYIELD_IF_USING_PREEMPTION();
                                                                                        ^
C:/Users/Windows 10/AppData/Local/Arm/Packs/ARM/CMSIS-FreeRTOS/10.3.1/Source/queue.c(810): warning: empty expression statement has no effect; remove unnecessary ';' to silence this warning [-Wextra-semi-stmt]
                                                                queueYIELD_IF_USING_PREEMPTION();
                                                                                                ^
C:/Users/Windows 10/AppData/Local/Arm/Packs/ARM/CMSIS-FreeRTOS/10.3.1/Source/queue.c(823): warning: empty expression statement has no effect; remove unnecessary ';' to silence this warning [-Wextra-semi-stmt]
                                                        queueYIELD_IF_USING_PREEMPTION();
                                                                                        ^
C:/Users/Windows 10/AppData/Local/Arm/Packs/ARM/CMSIS-FreeRTOS/10.3.1/Source/queue.c(927): warning: empty expression statement has no effect; remove unnecessary ';' to silence this warning [-Wextra-semi-stmt]
                                        portYIELD_WITHIN_API();
                                                              ^
C:/Users/Windows 10/AppData/Local/Arm/Packs/ARM/CMSIS-FreeRTOS/10.3.1/Source/queue.c(956): warning: empty expression statement has no effect; remove unnecessary ';' to silence this warning [-Wextra-semi-stmt]
        configASSERT( pxQueue );
                               ^
C:/Users/Windows 10/AppData/Local/Arm/Packs/ARM/CMSIS-FreeRTOS/10.3.1/Source/queue.c(957): warning: empty expression statement has no effect; remove unnecessary ';' to silence this warning [-Wextra-semi-stmt]
        configASSERT( !( ( pvItemToQueue == NULL ) && ( pxQueue->uxItemSize != ( UBaseType_t ) 0U ) ) );
                                                                                                       ^
C:/Users/Windows 10/AppData/Local/Arm/Packs/ARM/CMSIS-FreeRTOS/10.3.1/Source/queue.c(958): warning: empty expression statement has no effect; remove unnecessary ';' to silence this warning [-Wextra-semi-stmt]
        configASSERT( !( ( xCopyPosition == queueOVERWRITE ) && ( pxQueue->uxLength != 1 ) ) );
                                                                                              ^
C:/Users/Windows 10/AppData/Local/Arm/Packs/ARM/CMSIS-FreeRTOS/10.3.1/Source/queue.c(1124): warning: empty expression statement has no effect; remove unnecessary ';' to silence this warning [-Wextra-semi-stmt]
        configASSERT( pxQueue );
                               ^
C:/Users/Windows 10/AppData/Local/Arm/Packs/ARM/CMSIS-FreeRTOS/10.3.1/Source/queue.c(1128): warning: empty expression statement has no effect; remove unnecessary ';' to silence this warning [-Wextra-semi-stmt]
        configASSERT( pxQueue->uxItemSize == 0 );
                                                ^
C:/Users/Windows 10/AppData/Local/Arm/Packs/ARM/CMSIS-FreeRTOS/10.3.1/Source/queue.c(1133): warning: empty expression statement has no effect; remove unnecessary ';' to silence this warning [-Wextra-semi-stmt]
        configASSERT( !( ( pxQueue->uxQueueType == queueQUEUE_IS_MUTEX ) && ( pxQueue->u.xSemaphore.xMutexHolder != NULL ) ) );
                                                                                                                              ^
C:/Users/Windows 10/AppData/Local/Arm/Packs/ARM/CMSIS-FreeRTOS/10.3.1/Source/queue.c(1284): warning: empty expression statement has no effect; remove unnecessary ';' to silence this warning [-Wextra-semi-stmt]
        configASSERT( ( pxQueue ) );
                                   ^
C:/Users/Windows 10/AppData/Local/Arm/Packs/ARM/CMSIS-FreeRTOS/10.3.1/Source/queue.c(1288): warning: empty expression statement has no effect; remove unnecessary ';' to silence this warning [-Wextra-semi-stmt]
        configASSERT( !( ( ( pvBuffer ) == NULL ) && ( ( pxQueue )->uxItemSize != ( UBaseType_t ) 0U ) ) );
                                                                                                          ^
C:/Users/Windows 10/AppData/Local/Arm/Packs/ARM/CMSIS-FreeRTOS/10.3.1/Source/queue.c(1293): warning: empty expression statement has no effect; remove unnecessary ';' to silence this warning [-Wextra-semi-stmt]
                configASSERT( !( ( xTaskGetSchedulerState() == taskSCHEDULER_SUSPENDED ) && ( xTicksToWait != 0 ) ) );
                                                                                                                     ^
C:/Users/Windows 10/AppData/Local/Arm/Packs/ARM/CMSIS-FreeRTOS/10.3.1/Source/queue.c(1323): warning: empty expression statement has no effect; remove unnecessary ';' to silence this warning [-Wextra-semi-stmt]
                                                queueYIELD_IF_USING_PREEMPTION();
                                                                                ^
C:/Users/Windows 10/AppData/Local/Arm/Packs/ARM/CMSIS-FreeRTOS/10.3.1/Source/queue.c(1382): warning: empty expression statement has no effect; remove unnecessary ';' to silence this warning [-Wextra-semi-stmt]
                                        portYIELD_WITHIN_API();
                                                              ^
C:/Users/Windows 10/AppData/Local/Arm/Packs/ARM/CMSIS-FreeRTOS/10.3.1/Source/queue.c(1429): warning: empty expression statement has no effect; remove unnecessary ';' to silence this warning [-Wextra-semi-stmt]
        configASSERT( ( pxQueue ) );
                                   ^
C:/Users/Windows 10/AppData/Local/Arm/Packs/ARM/CMSIS-FreeRTOS/10.3.1/Source/queue.c(1433): warning: empty expression statement has no effect; remove unnecessary ';' to silence this warning [-Wextra-semi-stmt]
        configASSERT( pxQueue->uxItemSize == 0 );
                                                ^
C:/Users/Windows 10/AppData/Local/Arm/Packs/ARM/CMSIS-FreeRTOS/10.3.1/Source/queue.c(1438): warning: empty expression statement has no effect; remove unnecessary ';' to silence this warning [-Wextra-semi-stmt]
                configASSERT( !( ( xTaskGetSchedulerState() == taskSCHEDULER_SUSPENDED ) && ( xTicksToWait != 0 ) ) );
                                                                                                                     ^
C:/Users/Windows 10/AppData/Local/Arm/Packs/ARM/CMSIS-FreeRTOS/10.3.1/Source/queue.c(1485): warning: empty expression statement has no effect; remove unnecessary ';' to silence this warning [-Wextra-semi-stmt]
                                                queueYIELD_IF_USING_PREEMPTION();
                                                                                ^
C:/Users/Windows 10/AppData/Local/Arm/Packs/ARM/CMSIS-FreeRTOS/10.3.1/Source/queue.c(1509): warning: empty expression statement has no effect; remove unnecessary ';' to silence this warning [-Wextra-semi-stmt]
                                                configASSERT( xInheritanceOccurred == pdFALSE );
                                                                                               ^
C:/Users/Windows 10/AppData/Local/Arm/Packs/ARM/CMSIS-FreeRTOS/10.3.1/Source/queue.c(1573): warning: empty expression statement has no effect; remove unnecessary ';' to silence this warning [-Wextra-semi-stmt]
                                        portYIELD_WITHIN_API();
                                                              ^
C:/Users/Windows 10/AppData/Local/Arm/Packs/ARM/CMSIS-FreeRTOS/10.3.1/Source/queue.c(1644): warning: empty expression statement has no effect; remove unnecessary ';' to silence this warning [-Wextra-semi-stmt]
        configASSERT( ( pxQueue ) );
                                   ^
C:/Users/Windows 10/AppData/Local/Arm/Packs/ARM/CMSIS-FreeRTOS/10.3.1/Source/queue.c(1648): warning: empty expression statement has no effect; remove unnecessary ';' to silence this warning [-Wextra-semi-stmt]
        configASSERT( !( ( ( pvBuffer ) == NULL ) && ( ( pxQueue )->uxItemSize != ( UBaseType_t ) 0U ) ) );
                                                                                                          ^
C:/Users/Windows 10/AppData/Local/Arm/Packs/ARM/CMSIS-FreeRTOS/10.3.1/Source/queue.c(1653): warning: empty expression statement has no effect; remove unnecessary ';' to silence this warning [-Wextra-semi-stmt]
                configASSERT( !( ( xTaskGetSchedulerState() == taskSCHEDULER_SUSPENDED ) && ( xTicksToWait != 0 ) ) );
                                                                                                                     ^
C:/Users/Windows 10/AppData/Local/Arm/Packs/ARM/CMSIS-FreeRTOS/10.3.1/Source/queue.c(1689): warning: empty expression statement has no effect; remove unnecessary ';' to silence this warning [-Wextra-semi-stmt]
                                                queueYIELD_IF_USING_PREEMPTION();
                                                                                ^
C:/Users/Windows 10/AppData/Local/Arm/Packs/ARM/CMSIS-FreeRTOS/10.3.1/Source/queue.c(1749): warning: empty expression statement has no effect; remove unnecessary ';' to silence this warning [-Wextra-semi-stmt]
                                        portYIELD_WITHIN_API();
                                                              ^
C:/Users/Windows 10/AppData/Local/Arm/Packs/ARM/CMSIS-FreeRTOS/10.3.1/Source/queue.c(1791): warning: empty expression statement has no effect; remove unnecessary ';' to silence this warning [-Wextra-semi-stmt]
        configASSERT( pxQueue );
                               ^
C:/Users/Windows 10/AppData/Local/Arm/Packs/ARM/CMSIS-FreeRTOS/10.3.1/Source/queue.c(1792): warning: empty expression statement has no effect; remove unnecessary ';' to silence this warning [-Wextra-semi-stmt]
        configASSERT( !( ( pvBuffer == NULL ) && ( pxQueue->uxItemSize != ( UBaseType_t ) 0U ) ) );
                                                                                                  ^
C:/Users/Windows 10/AppData/Local/Arm/Packs/ARM/CMSIS-FreeRTOS/10.3.1/Source/queue.c(1883): warning: empty expression statement has no effect; remove unnecessary ';' to silence this warning [-Wextra-semi-stmt]
        configASSERT( pxQueue );
                               ^
C:/Users/Windows 10/AppData/Local/Arm/Packs/ARM/CMSIS-FreeRTOS/10.3.1/Source/queue.c(1884): warning: empty expression statement has no effect; remove unnecessary ';' to silence this warning [-Wextra-semi-stmt]
        configASSERT( !( ( pvBuffer == NULL ) && ( pxQueue->uxItemSize != ( UBaseType_t ) 0U ) ) );
                                                                                                  ^
C:/Users/Windows 10/AppData/Local/Arm/Packs/ARM/CMSIS-FreeRTOS/10.3.1/Source/queue.c(1885): warning: empty expression statement has no effect; remove unnecessary ';' to silence this warning [-Wextra-semi-stmt]
        configASSERT( pxQueue->uxItemSize != 0 ); /* Can't peek a semaphore. */
                                                ^
C:/Users/Windows 10/AppData/Local/Arm/Packs/ARM/CMSIS-FreeRTOS/10.3.1/Source/queue.c(1934): warning: empty expression statement has no effect; remove unnecessary ';' to silence this warning [-Wextra-semi-stmt]
        configASSERT( xQueue );
                              ^
C:/Users/Windows 10/AppData/Local/Arm/Packs/ARM/CMSIS-FreeRTOS/10.3.1/Source/queue.c(1951): warning: empty expression statement has no effect; remove unnecessary ';' to silence this warning [-Wextra-semi-stmt]
        configASSERT( pxQueue );
                               ^
C:/Users/Windows 10/AppData/Local/Arm/Packs/ARM/CMSIS-FreeRTOS/10.3.1/Source/queue.c(1968): warning: empty expression statement has no effect; remove unnecessary ';' to silence this warning [-Wextra-semi-stmt]
        configASSERT( pxQueue );
                               ^
C:/Users/Windows 10/AppData/Local/Arm/Packs/ARM/CMSIS-FreeRTOS/10.3.1/Source/queue.c(1979): warning: empty expression statement has no effect; remove unnecessary ';' to silence this warning [-Wextra-semi-stmt]
        configASSERT( pxQueue );
                               ^
C:/Users/Windows 10/AppData/Local/Arm/Packs/ARM/CMSIS-FreeRTOS/10.3.1/Source/queue.c(2317): warning: empty expression statement has no effect; remove unnecessary ';' to silence this warning [-Wextra-semi-stmt]
        configASSERT( pxQueue );
                               ^
C:/Users/Windows 10/AppData/Local/Arm/Packs/ARM/CMSIS-FreeRTOS/10.3.1/Source/queue.c(2357): warning: empty expression statement has no effect; remove unnecessary ';' to silence this warning [-Wextra-semi-stmt]
        configASSERT( pxQueue );
                               ^
C:/Users/Windows 10/AppData/Local/Arm/Packs/ARM/CMSIS-FreeRTOS/10.3.1/Source/queue.c(2889): warning: empty expression statement has no effect; remove unnecessary ';' to silence this warning [-Wextra-semi-stmt]
                configASSERT( pxQueueSetContainer );
                                                   ^
C:/Users/Windows 10/AppData/Local/Arm/Packs/ARM/CMSIS-FreeRTOS/10.3.1/Source/queue.c(2890): warning: empty expression statement has no effect; remove unnecessary ';' to silence this warning [-Wextra-semi-stmt]
                configASSERT( pxQueueSetContainer->uxMessagesWaiting < pxQueueSetContainer->uxLength );
                                                                                                      ^
53 warnings generated.
compiling queue.c...
C:/Users/Windows 10/AppData/Local/Arm/Packs/ARM/CMSIS-FreeRTOS/10.3.1/Source/tasks.c(337): warning: no previous extern declaration for non-static variable 'pxCurrentTCB' [-Wmissing-variable-declarations]
PRIVILEGED_DATA TCB_t * volatile pxCurrentTCB = NULL;
                                 ^
C:/Users/Windows 10/AppData/Local/Arm/Packs/ARM/CMSIS-FreeRTOS/10.3.1/Source/tasks.c(337): note: declare 'static' if the variable is not intended to be used outside of this translation unit
PRIVILEGED_DATA TCB_t * volatile pxCurrentTCB = NULL;
                ^
C:/Users/Windows 10/AppData/Local/Arm/Packs/ARM/CMSIS-FreeRTOS/10.3.1/Source/tasks.c(275): warning: padding struct 'struct tskTaskControlBlock' with 2 bytes to align 'uxTCBNumber' [-Wpadded]
                UBaseType_t             uxTCBNumber;            /*< Stores a number that increments each time a TCB is created.  It allows debuggers to determine when a task has been deleted and then recreated. */
                                        ^
C:/Users/Windows 10/AppData/Local/Arm/Packs/ARM/CMSIS-FreeRTOS/10.3.1/Source/tasks.c(252): warning: padding size of 'struct tskTaskControlBlock' with 2 bytes to alignment boundary [-Wpadded]
typedef struct tskTaskControlBlock                      /* The old naming convention is used to prevent breaking kernel aware debuggers. */
               ^
C:/Users/Windows 10/AppData/Local/Arm/Packs/ARM/CMSIS-FreeRTOS/10.3.1/Source/tasks.c(868): warning: empty expression statement has no effect; remove unnecessary ';' to silence this warning [-Wextra-semi-stmt]
                configASSERT( ( ( ( portPOINTER_SIZE_TYPE ) pxTopOfStack & ( portPOINTER_SIZE_TYPE ) portBYTE_ALIGNMENT_MASK ) == 0UL ) );
                                                                                                                                         ^
C:/Users/Windows 10/AppData/Local/Arm/Packs/ARM/CMSIS-FreeRTOS/10.3.1/Source/tasks.c(1134): warning: empty expression statement has no effect; remove unnecessary ';' to silence this warning [-Wextra-semi-stmt]
                prvAddTaskToReadyList( pxNewTCB );
                                                 ^
C:/Users/Windows 10/AppData/Local/Arm/Packs/ARM/CMSIS-FreeRTOS/10.3.1/Source/tasks.c(1146): warning: empty expression statement has no effect; remove unnecessary ';' to silence this warning [-Wextra-semi-stmt]
                        taskYIELD_IF_USING_PREEMPTION();
                                                       ^
C:/Users/Windows 10/AppData/Local/Arm/Packs/ARM/CMSIS-FreeRTOS/10.3.1/Source/tasks.c(1175): warning: empty expression statement has no effect; remove unnecessary ';' to silence this warning [-Wextra-semi-stmt]
                                taskRESET_READY_PRIORITY( pxTCB->uxPriority );
                                                                             ^
C:/Users/Windows 10/AppData/Local/Arm/Packs/ARM/CMSIS-FreeRTOS/10.3.1/Source/tasks.c(1242): warning: empty expression statement has no effect; remove unnecessary ';' to silence this warning [-Wextra-semi-stmt]
                                configASSERT( uxSchedulerSuspended == 0 );
                                                                         ^
C:/Users/Windows 10/AppData/Local/Arm/Packs/ARM/CMSIS-FreeRTOS/10.3.1/Source/tasks.c(1243): warning: empty expression statement has no effect; remove unnecessary ';' to silence this warning [-Wextra-semi-stmt]
                                portYIELD_WITHIN_API();
                                                      ^
C:/Users/Windows 10/AppData/Local/Arm/Packs/ARM/CMSIS-FreeRTOS/10.3.1/Source/tasks.c(1262): warning: empty expression statement has no effect; remove unnecessary ';' to silence this warning [-Wextra-semi-stmt]
                configASSERT( pxPreviousWakeTime );
                                                  ^
C:/Users/Windows 10/AppData/Local/Arm/Packs/ARM/CMSIS-FreeRTOS/10.3.1/Source/tasks.c(1263): warning: empty expression statement has no effect; remove unnecessary ';' to silence this warning [-Wextra-semi-stmt]
                configASSERT( ( xTimeIncrement > 0U ) );
                                                       ^
C:/Users/Windows 10/AppData/Local/Arm/Packs/ARM/CMSIS-FreeRTOS/10.3.1/Source/tasks.c(1264): warning: empty expression statement has no effect; remove unnecessary ';' to silence this warning [-Wextra-semi-stmt]
                configASSERT( uxSchedulerSuspended == 0 );
                                                         ^
C:/Users/Windows 10/AppData/Local/Arm/Packs/ARM/CMSIS-FreeRTOS/10.3.1/Source/tasks.c(1328): warning: empty expression statement has no effect; remove unnecessary ';' to silence this warning [-Wextra-semi-stmt]
                        portYIELD_WITHIN_API();
                                              ^
C:/Users/Windows 10/AppData/Local/Arm/Packs/ARM/CMSIS-FreeRTOS/10.3.1/Source/tasks.c(1348): warning: empty expression statement has no effect; remove unnecessary ';' to silence this warning [-Wextra-semi-stmt]
                        configASSERT( uxSchedulerSuspended == 0 );
                                                                 ^
C:/Users/Windows 10/AppData/Local/Arm/Packs/ARM/CMSIS-FreeRTOS/10.3.1/Source/tasks.c(1373): warning: empty expression statement has no effect; remove unnecessary ';' to silence this warning [-Wextra-semi-stmt]
                        portYIELD_WITHIN_API();
                                              ^
C:/Users/Windows 10/AppData/Local/Arm/Packs/ARM/CMSIS-FreeRTOS/10.3.1/Source/tasks.c(1392): warning: empty expression statement has no effect; remove unnecessary ';' to silence this warning [-Wextra-semi-stmt]
                configASSERT( pxTCB );
                                     ^
C:/Users/Windows 10/AppData/Local/Arm/Packs/ARM/CMSIS-FreeRTOS/10.3.1/Source/tasks.c(1546): warning: empty expression statement has no effect; remove unnecessary ';' to silence this warning [-Wextra-semi-stmt]
                configASSERT( ( uxNewPriority < configMAX_PRIORITIES ) );
                                                                        ^
C:/Users/Windows 10/AppData/Local/Arm/Packs/ARM/CMSIS-FreeRTOS/10.3.1/Source/tasks.c(1675): warning: empty expression statement has no effect; remove unnecessary ';' to silence this warning [-Wextra-semi-stmt]
                                        prvAddTaskToReadyList( pxTCB );
                                                                      ^
C:/Users/Windows 10/AppData/Local/Arm/Packs/ARM/CMSIS-FreeRTOS/10.3.1/Source/tasks.c(1684): warning: empty expression statement has no effect; remove unnecessary ';' to silence this warning [-Wextra-semi-stmt]
                                        taskYIELD_IF_USING_PREEMPTION();
                                                                       ^
C:/Users/Windows 10/AppData/Local/Arm/Packs/ARM/CMSIS-FreeRTOS/10.3.1/Source/tasks.c(1720): warning: empty expression statement has no effect; remove unnecessary ';' to silence this warning [-Wextra-semi-stmt]
                                taskRESET_READY_PRIORITY( pxTCB->uxPriority );
                                                                             ^
C:/Users/Windows 10/AppData/Local/Arm/Packs/ARM/CMSIS-FreeRTOS/10.3.1/Source/tasks.c(1772): warning: empty expression statement has no effect; remove unnecessary ';' to silence this warning [-Wextra-semi-stmt]
                                configASSERT( uxSchedulerSuspended == 0 );
                                                                         ^
C:/Users/Windows 10/AppData/Local/Arm/Packs/ARM/CMSIS-FreeRTOS/10.3.1/Source/tasks.c(1773): warning: empty expression statement has no effect; remove unnecessary ';' to silence this warning [-Wextra-semi-stmt]
                                portYIELD_WITHIN_API();
                                                      ^
C:/Users/Windows 10/AppData/Local/Arm/Packs/ARM/CMSIS-FreeRTOS/10.3.1/Source/tasks.c(1814): warning: empty expression statement has no effect; remove unnecessary ';' to silence this warning [-Wextra-semi-stmt]
                configASSERT( xTask );
                                     ^
C:/Users/Windows 10/AppData/Local/Arm/Packs/ARM/CMSIS-FreeRTOS/10.3.1/Source/tasks.c(1856): warning: empty expression statement has no effect; remove unnecessary ';' to silence this warning [-Wextra-semi-stmt]
                configASSERT( xTaskToResume );
                                             ^
C:/Users/Windows 10/AppData/Local/Arm/Packs/ARM/CMSIS-FreeRTOS/10.3.1/Source/tasks.c(1871): warning: empty expression statement has no effect; remove unnecessary ';' to silence this warning [-Wextra-semi-stmt]
                                        prvAddTaskToReadyList( pxTCB );
                                                                      ^
C:/Users/Windows 10/AppData/Local/Arm/Packs/ARM/CMSIS-FreeRTOS/10.3.1/Source/tasks.c(1879): warning: empty expression statement has no effect; remove unnecessary ';' to silence this warning [-Wextra-semi-stmt]
                                                taskYIELD_IF_USING_PREEMPTION();
                                                                               ^
C:/Users/Windows 10/AppData/Local/Arm/Packs/ARM/CMSIS-FreeRTOS/10.3.1/Source/tasks.c(1911): warning: empty expression statement has no effect; remove unnecessary ';' to silence this warning [-Wextra-semi-stmt]
                configASSERT( xTaskToResume );
                                             ^
C:/Users/Windows 10/AppData/Local/Arm/Packs/ARM/CMSIS-FreeRTOS/10.3.1/Source/tasks.c(1952): warning: empty expression statement has no effect; remove unnecessary ';' to silence this warning [-Wextra-semi-stmt]
                                        prvAddTaskToReadyList( pxTCB );
                                                                      ^
C:/Users/Windows 10/AppData/Local/Arm/Packs/ARM/CMSIS-FreeRTOS/10.3.1/Source/tasks.c(2090): warning: empty expression statement has no effect; remove unnecessary ';' to silence this warning [-Wextra-semi-stmt]
                configASSERT( xReturn != errCOULD_NOT_ALLOCATE_REQUIRED_MEMORY );
                                                                                ^
C:/Users/Windows 10/AppData/Local/Arm/Packs/ARM/CMSIS-FreeRTOS/10.3.1/Source/tasks.c(2201): warning: empty expression statement has no effect; remove unnecessary ';' to silence this warning [-Wextra-semi-stmt]
        configASSERT( uxSchedulerSuspended );
                                            ^
C:/Users/Windows 10/AppData/Local/Arm/Packs/ARM/CMSIS-FreeRTOS/10.3.1/Source/tasks.c(2223): warning: empty expression statement has no effect; remove unnecessary ';' to silence this warning [-Wextra-semi-stmt]
                                        prvAddTaskToReadyList( pxTCB );
                                                                      ^
C:/Users/Windows 10/AppData/Local/Arm/Packs/ARM/CMSIS-FreeRTOS/10.3.1/Source/tasks.c(2285): warning: empty expression statement has no effect; remove unnecessary ';' to silence this warning [-Wextra-semi-stmt]
                                        taskYIELD_IF_USING_PREEMPTION();
                                                                       ^
C:/Users/Windows 10/AppData/Local/Arm/Packs/ARM/CMSIS-FreeRTOS/10.3.1/Source/tasks.c(2365): warning: empty expression statement has no effect; remove unnecessary ';' to silence this warning [-Wextra-semi-stmt]
        configASSERT( pxTCB );
                             ^
C:/Users/Windows 10/AppData/Local/Arm/Packs/ARM/CMSIS-FreeRTOS/10.3.1/Source/tasks.c(2383): warning: empty expression statement has no effect; remove unnecessary ';' to silence this warning [-Wextra-semi-stmt]
                        listGET_OWNER_OF_NEXT_ENTRY( pxFirstTCB, pxList );  /*lint !e9079 void * is used as this macro is used with timers and co-routines too.  Alignment is known to be fine as the type of the pointer stored and retrieved is the same. */
                                                                         ^~
C:/Users/Windows 10/AppData/Local/Arm/Packs/ARM/CMSIS-FreeRTOS/10.3.1/Source/tasks.c(2387): warning: empty expression statement has no effect; remove unnecessary ';' to silence this warning [-Wextra-semi-stmt]
                                listGET_OWNER_OF_NEXT_ENTRY( pxNextTCB, pxList ); /*lint !e9079 void * is used as this macro is used with timers and co-routines too.  Alignment is known to be fine as the type of the pointer stored and retrieved is the same. */
                                                                                ^
C:/Users/Windows 10/AppData/Local/Arm/Packs/ARM/CMSIS-FreeRTOS/10.3.1/Source/tasks.c(2446): warning: empty expression statement has no effect; remove unnecessary ';' to silence this warning [-Wextra-semi-stmt]
                configASSERT( strlen( pcNameToQuery ) < configMAX_TASK_NAME_LEN );
                                                                                 ^
C:/Users/Windows 10/AppData/Local/Arm/Packs/ARM/CMSIS-FreeRTOS/10.3.1/Source/tasks.c(39): warning: In file included from...
C:/Users/Windows 10/AppData/Local/Arm/Packs/ARM/CMSIS-FreeRTOS/10.3.1/Source/include/task.h(143): warning: padding struct 'struct xTASK_STATUS' with 3 bytes to align 'uxCurrentPriority' [-Wpadded]
        UBaseType_t uxCurrentPriority;  /* The priority at which the task was running (may be inherited) when the structure was populated. */
                    ^
C:/Users/Windows 10/AppData/Local/Arm/Packs/ARM/CMSIS-FreeRTOS/10.3.1/Source/include/task.h(137): warning: padding size of 'struct xTASK_STATUS' with 2 bytes to alignment boundary [-Wpadded]
typedef struct xTASK_STATUS
               ^
C:/Users/Windows 10/AppData/Local/Arm/Packs/ARM/CMSIS-FreeRTOS/10.3.1/Source/tasks.c(2583): warning: empty expression statement has no effect; remove unnecessary ';' to silence this warning [-Wextra-semi-stmt]
                configASSERT( ( xIdleTaskHandle != NULL ) );
                                                           ^
C:/Users/Windows 10/AppData/Local/Arm/Packs/ARM/CMSIS-FreeRTOS/10.3.1/Source/tasks.c(2601): warning: empty expression statement has no effect; remove unnecessary ';' to silence this warning [-Wextra-semi-stmt]
                configASSERT( ( xTickCount + xTicksToJump ) <= xNextTaskUnblockTime );
                                                                                     ^
C:/Users/Windows 10/AppData/Local/Arm/Packs/ARM/CMSIS-FreeRTOS/10.3.1/Source/tasks.c(2615): warning: empty expression statement has no effect; remove unnecessary ';' to silence this warning [-Wextra-semi-stmt]
        configASSERT( uxSchedulerSuspended == 0 );
                                                 ^
C:/Users/Windows 10/AppData/Local/Arm/Packs/ARM/CMSIS-FreeRTOS/10.3.1/Source/tasks.c(2634): warning: empty expression statement has no effect; remove unnecessary ';' to silence this warning [-Wextra-semi-stmt]
                configASSERT( pxTCB );
                                     ^
C:/Users/Windows 10/AppData/Local/Arm/Packs/ARM/CMSIS-FreeRTOS/10.3.1/Source/tasks.c(2672): warning: empty expression statement has no effect; remove unnecessary ';' to silence this warning [-Wextra-semi-stmt]
                                prvAddTaskToReadyList( pxTCB );
                                                              ^
C:/Users/Windows 10/AppData/Local/Arm/Packs/ARM/CMSIS-FreeRTOS/10.3.1/Source/tasks.c(2729): warning: empty expression statement has no effect; remove unnecessary ';' to silence this warning [-Wextra-semi-stmt]
                        taskSWITCH_DELAYED_LISTS();
                                                  ^
C:/Users/Windows 10/AppData/Local/Arm/Packs/ARM/CMSIS-FreeRTOS/10.3.1/Source/tasks.c(2794): warning: empty expression statement has no effect; remove unnecessary ';' to silence this warning [-Wextra-semi-stmt]
                                        prvAddTaskToReadyList( pxTCB );
                                                                      ^
C:/Users/Windows 10/AppData/Local/Arm/Packs/ARM/CMSIS-FreeRTOS/10.3.1/Source/tasks.c(3041): warning: empty expression statement has no effect; remove unnecessary ';' to silence this warning [-Wextra-semi-stmt]
                taskSELECT_HIGHEST_PRIORITY_TASK(); /*lint !e9079 void * is used as this macro is used with timers and co-routines too.  Alignment is known to be fine as the type of the pointer stored and retrieved is the same. */
                                                  ^
C:/Users/Windows 10/AppData/Local/Arm/Packs/ARM/CMSIS-FreeRTOS/10.3.1/Source/tasks.c(3066): warning: empty expression statement has no effect; remove unnecessary ';' to silence this warning [-Wextra-semi-stmt]
        configASSERT( pxEventList );
                                   ^
C:/Users/Windows 10/AppData/Local/Arm/Packs/ARM/CMSIS-FreeRTOS/10.3.1/Source/tasks.c(3083): warning: empty expression statement has no effect; remove unnecessary ';' to silence this warning [-Wextra-semi-stmt]
        configASSERT( pxEventList );
                                   ^
C:/Users/Windows 10/AppData/Local/Arm/Packs/ARM/CMSIS-FreeRTOS/10.3.1/Source/tasks.c(3087): warning: empty expression statement has no effect; remove unnecessary ';' to silence this warning [-Wextra-semi-stmt]
        configASSERT( uxSchedulerSuspended != 0 );
                                                 ^
C:/Users/Windows 10/AppData/Local/Arm/Packs/ARM/CMSIS-FreeRTOS/10.3.1/Source/tasks.c(3157): warning: empty expression statement has no effect; remove unnecessary ';' to silence this warning [-Wextra-semi-stmt]
        configASSERT( pxUnblockedTCB );
                                      ^
C:/Users/Windows 10/AppData/Local/Arm/Packs/ARM/CMSIS-FreeRTOS/10.3.1/Source/tasks.c(3163): warning: empty expression statement has no effect; remove unnecessary ';' to silence this warning [-Wextra-semi-stmt]
                prvAddTaskToReadyList( pxUnblockedTCB );
                                                       ^
C:/Users/Windows 10/AppData/Local/Arm/Packs/ARM/CMSIS-FreeRTOS/10.3.1/Source/tasks.c(3212): warning: empty expression statement has no effect; remove unnecessary ';' to silence this warning [-Wextra-semi-stmt]
        configASSERT( uxSchedulerSuspended != pdFALSE );
                                                       ^
C:/Users/Windows 10/AppData/Local/Arm/Packs/ARM/CMSIS-FreeRTOS/10.3.1/Source/tasks.c(3220): warning: empty expression statement has no effect; remove unnecessary ';' to silence this warning [-Wextra-semi-stmt]
        configASSERT( pxUnblockedTCB );
                                      ^
C:/Users/Windows 10/AppData/Local/Arm/Packs/ARM/CMSIS-FreeRTOS/10.3.1/Source/tasks.c(3241): warning: empty expression statement has no effect; remove unnecessary ';' to silence this warning [-Wextra-semi-stmt]
        prvAddTaskToReadyList( pxUnblockedTCB );
                                               ^
C:/Users/Windows 10/AppData/Local/Arm/Packs/ARM/CMSIS-FreeRTOS/10.3.1/Source/tasks.c(3256): warning: empty expression statement has no effect; remove unnecessary ';' to silence this warning [-Wextra-semi-stmt]
        configASSERT( pxTimeOut );
                                 ^
C:/Users/Windows 10/AppData/Local/Arm/Packs/ARM/CMSIS-FreeRTOS/10.3.1/Source/tasks.c(3278): warning: empty expression statement has no effect; remove unnecessary ';' to silence this warning [-Wextra-semi-stmt]
        configASSERT( pxTimeOut );
                                 ^
C:/Users/Windows 10/AppData/Local/Arm/Packs/ARM/CMSIS-FreeRTOS/10.3.1/Source/tasks.c(3279): warning: empty expression statement has no effect; remove unnecessary ';' to silence this warning [-Wextra-semi-stmt]
        configASSERT( pxTicksToWait );
                                     ^
C:/Users/Windows 10/AppData/Local/Arm/Packs/ARM/CMSIS-FreeRTOS/10.3.1/Source/tasks.c(3434): warning: empty expression statement has no effect; remove unnecessary ';' to silence this warning [-Wextra-semi-stmt]
                                taskYIELD();
                                           ^
C:/Users/Windows 10/AppData/Local/Arm/Packs/ARM/CMSIS-FreeRTOS/10.3.1/Source/tasks.c(3478): warning: empty expression statement has no effect; remove unnecessary ';' to silence this warning [-Wextra-semi-stmt]
                                        configASSERT( xNextTaskUnblockTime >= xTickCount );
                                                                                          ^
C:/Users/Windows 10/AppData/Local/Arm/Packs/ARM/CMSIS-FreeRTOS/10.3.1/Source/tasks.c(3393): warning: function 'prvIdleTask' could be declared with attribute 'noreturn' [-Wmissing-noreturn]
{
^
C:/Users/Windows 10/AppData/Local/Arm/Packs/ARM/CMSIS-FreeRTOS/10.3.1/Source/tasks.c(3773): warning: empty expression statement has no effect; remove unnecessary ';' to silence this warning [-Wextra-semi-stmt]
                        listGET_OWNER_OF_NEXT_ENTRY( pxFirstTCB, pxList ); /*lint !e9079 void * is used as this macro is used with timers and co-routines too.  Alignment is known to be fine as the type of the pointer stored and retrieved is the same. */
                                                                         ^
C:/Users/Windows 10/AppData/Local/Arm/Packs/ARM/CMSIS-FreeRTOS/10.3.1/Source/tasks.c(3781): warning: empty expression statement has no effect; remove unnecessary ';' to silence this warning [-Wextra-semi-stmt]
                                listGET_OWNER_OF_NEXT_ENTRY( pxNextTCB, pxList ); /*lint !e9079 void * is used as this macro is used with timers and co-routines too.  Alignment is known to be fine as the type of the pointer stored and retrieved is the same. */
                                                                                ^
C:/Users/Windows 10/AppData/Local/Arm/Packs/ARM/CMSIS-FreeRTOS/10.3.1/Source/tasks.c(4059): warning: empty expression statement has no effect; remove unnecessary ';' to silence this warning [-Wextra-semi-stmt]
                                        prvAddTaskToReadyList( pxMutexHolderTCB );
                                                                                 ^
C:/Users/Windows 10/AppData/Local/Arm/Packs/ARM/CMSIS-FreeRTOS/10.3.1/Source/tasks.c(4115): warning: empty expression statement has no effect; remove unnecessary ';' to silence this warning [-Wextra-semi-stmt]
                        configASSERT( pxTCB == pxCurrentTCB );
                                                             ^
C:/Users/Windows 10/AppData/Local/Arm/Packs/ARM/CMSIS-FreeRTOS/10.3.1/Source/tasks.c(4116): warning: empty expression statement has no effect; remove unnecessary ';' to silence this warning [-Wextra-semi-stmt]
                        configASSERT( pxTCB->uxMutexesHeld );
                                                            ^
C:/Users/Windows 10/AppData/Local/Arm/Packs/ARM/CMSIS-FreeRTOS/10.3.1/Source/tasks.c(4133): warning: empty expression statement has no effect; remove unnecessary ';' to silence this warning [-Wextra-semi-stmt]
                                                taskRESET_READY_PRIORITY( pxTCB->uxPriority );
                                                                                             ^
C:/Users/Windows 10/AppData/Local/Arm/Packs/ARM/CMSIS-FreeRTOS/10.3.1/Source/tasks.c(4149): warning: empty expression statement has no effect; remove unnecessary ';' to silence this warning [-Wextra-semi-stmt]
                                        prvAddTaskToReadyList( pxTCB );
                                                                      ^
C:/Users/Windows 10/AppData/Local/Arm/Packs/ARM/CMSIS-FreeRTOS/10.3.1/Source/tasks.c(4194): warning: empty expression statement has no effect; remove unnecessary ';' to silence this warning [-Wextra-semi-stmt]
                        configASSERT( pxTCB->uxMutexesHeld );
                                                            ^
C:/Users/Windows 10/AppData/Local/Arm/Packs/ARM/CMSIS-FreeRTOS/10.3.1/Source/tasks.c(4221): warning: empty expression statement has no effect; remove unnecessary ';' to silence this warning [-Wextra-semi-stmt]
                                        configASSERT( pxTCB != pxCurrentTCB );
                                                                             ^
C:/Users/Windows 10/AppData/Local/Arm/Packs/ARM/CMSIS-FreeRTOS/10.3.1/Source/tasks.c(4261): warning: empty expression statement has no effect; remove unnecessary ';' to silence this warning [-Wextra-semi-stmt]
                                                prvAddTaskToReadyList( pxTCB );
                                                                              ^
C:/Users/Windows 10/AppData/Local/Arm/Packs/ARM/CMSIS-FreeRTOS/10.3.1/Source/tasks.c(4656): warning: empty expression statement has no effect; remove unnecessary ';' to silence this warning [-Wextra-semi-stmt]
                                        portYIELD_WITHIN_API();
                                                              ^
C:/Users/Windows 10/AppData/Local/Arm/Packs/ARM/CMSIS-FreeRTOS/10.3.1/Source/tasks.c(4729): warning: empty expression statement has no effect; remove unnecessary ';' to silence this warning [-Wextra-semi-stmt]
                                        portYIELD_WITHIN_API();
                                                              ^
C:/Users/Windows 10/AppData/Local/Arm/Packs/ARM/CMSIS-FreeRTOS/10.3.1/Source/tasks.c(4789): warning: empty expression statement has no effect; remove unnecessary ';' to silence this warning [-Wextra-semi-stmt]
                configASSERT( xTaskToNotify );
                                             ^
C:/Users/Windows 10/AppData/Local/Arm/Packs/ARM/CMSIS-FreeRTOS/10.3.1/Source/tasks.c(4838): warning: empty expression statement has no effect; remove unnecessary ';' to silence this warning [-Wextra-semi-stmt]
                                        configASSERT( pxTCB->ulNotifiedValue == ~0UL );
                                                                                      ^
C:/Users/Windows 10/AppData/Local/Arm/Packs/ARM/CMSIS-FreeRTOS/10.3.1/Source/tasks.c(4834): warning: default label in switch which covers all enumeration values [-Wcovered-switch-default]
                                default:
                                ^
C:/Users/Windows 10/AppData/Local/Arm/Packs/ARM/CMSIS-FreeRTOS/10.3.1/Source/tasks.c(4850): warning: empty expression statement has no effect; remove unnecessary ';' to silence this warning [-Wextra-semi-stmt]
                                prvAddTaskToReadyList( pxTCB );
                                                              ^
C:/Users/Windows 10/AppData/Local/Arm/Packs/ARM/CMSIS-FreeRTOS/10.3.1/Source/tasks.c(4853): warning: empty expression statement has no effect; remove unnecessary ';' to silence this warning [-Wextra-semi-stmt]
                                configASSERT( listLIST_ITEM_CONTAINER( &( pxTCB->xEventListItem ) ) == NULL );
                                                                                                             ^
C:/Users/Windows 10/AppData/Local/Arm/Packs/ARM/CMSIS-FreeRTOS/10.3.1/Source/tasks.c(4875): warning: empty expression statement has no effect; remove unnecessary ';' to silence this warning [-Wextra-semi-stmt]
                                        taskYIELD_IF_USING_PREEMPTION();
                                                                       ^
C:/Users/Windows 10/AppData/Local/Arm/Packs/ARM/CMSIS-FreeRTOS/10.3.1/Source/tasks.c(4904): warning: empty expression statement has no effect; remove unnecessary ';' to silence this warning [-Wextra-semi-stmt]
                configASSERT( xTaskToNotify );
                                             ^
C:/Users/Windows 10/AppData/Local/Arm/Packs/ARM/CMSIS-FreeRTOS/10.3.1/Source/tasks.c(4971): warning: empty expression statement has no effect; remove unnecessary ';' to silence this warning [-Wextra-semi-stmt]
                                        configASSERT( pxTCB->ulNotifiedValue == ~0UL );
                                                                                      ^
C:/Users/Windows 10/AppData/Local/Arm/Packs/ARM/CMSIS-FreeRTOS/10.3.1/Source/tasks.c(4967): warning: default label in switch which covers all enumeration values [-Wcovered-switch-default]
                                default:
                                ^
C:/Users/Windows 10/AppData/Local/Arm/Packs/ARM/CMSIS-FreeRTOS/10.3.1/Source/tasks.c(4982): warning: empty expression statement has no effect; remove unnecessary ';' to silence this warning [-Wextra-semi-stmt]
                                configASSERT( listLIST_ITEM_CONTAINER( &( pxTCB->xEventListItem ) ) == NULL );
                                                                                                             ^
C:/Users/Windows 10/AppData/Local/Arm/Packs/ARM/CMSIS-FreeRTOS/10.3.1/Source/tasks.c(4987): warning: empty expression statement has no effect; remove unnecessary ';' to silence this warning [-Wextra-semi-stmt]
                                        prvAddTaskToReadyList( pxTCB );
                                                                      ^
C:/Users/Windows 10/AppData/Local/Arm/Packs/ARM/CMSIS-FreeRTOS/10.3.1/Source/tasks.c(5032): warning: empty expression statement has no effect; remove unnecessary ';' to silence this warning [-Wextra-semi-stmt]
                configASSERT( xTaskToNotify );
                                             ^
C:/Users/Windows 10/AppData/Local/Arm/Packs/ARM/CMSIS-FreeRTOS/10.3.1/Source/tasks.c(5070): warning: empty expression statement has no effect; remove unnecessary ';' to silence this warning [-Wextra-semi-stmt]
                                configASSERT( listLIST_ITEM_CONTAINER( &( pxTCB->xEventListItem ) ) == NULL );
                                                                                                             ^
C:/Users/Windows 10/AppData/Local/Arm/Packs/ARM/CMSIS-FreeRTOS/10.3.1/Source/tasks.c(5075): warning: empty expression statement has no effect; remove unnecessary ';' to silence this warning [-Wextra-semi-stmt]
                                        prvAddTaskToReadyList( pxTCB );
                                                                      ^
86 warnings generated.
compiling tasks.c...
linking...
Program Size: Code=11384 RO-data=284 RW-data=8 ZI-data=6088  
".\Objects\digital_clock.axf" - 0 Error(s), 212 Warning(s).

<h2>Software Packages used:</h2>

Package Vendor: ARM
                http://www.keil.com/pack/ARM.CMSIS.5.7.0.pack
                ARM.CMSIS.5.7.0
                CMSIS (Cortex Microcontroller Software Interface Standard)
   * Component: CORE Version: 5.4.0

Package Vendor: ARM
                http://www.keil.com/pack/ARM.CMSIS-FreeRTOS.10.3.1.pack
                ARM.CMSIS-FreeRTOS.10.3.1
                Bundle of FreeRTOS for Cortex-M and Cortex-A
   * Component: Config Variant: FreeRTOS Version: 10.3.1
   * Component: Core Variant: Cortex-M Version: 10.3.1
   * Component: Heap Variant: Heap_4 Version: 10.3.1

Package Vendor: Keil
                http://www.keil.com/pack/Keil.STM32F1xx_DFP.2.3.0.pack
                Keil.STM32F1xx_DFP.2.3.0
                STMicroelectronics STM32F1 Series Device Support, Drivers and Examples
   * Component: Startup Version: 1.0.0
   * Component: Framework Version: 3.5.1
   * Component: GPIO Version: 3.5.0
   * Component: RCC Version: 3.5.0

<h2>Collection of Component include folders:</h2>
  .\RTE\Device\STM32F102C8
  .\RTE\RTOS
  .\RTE\_Target_1
  C:\Users\Windows 10\AppData\Local\Arm\Packs\ARM\CMSIS-FreeRTOS\10.3.1\CMSIS\RTOS2\FreeRTOS\Include
  C:\Users\Windows 10\AppData\Local\Arm\Packs\ARM\CMSIS-FreeRTOS\10.3.1\Source\include
  C:\Users\Windows 10\AppData\Local\Arm\Packs\ARM\CMSIS-FreeRTOS\10.3.1\Source\portable\GCC\ARM_CM3
  C:\Users\Windows 10\AppData\Local\Arm\Packs\ARM\CMSIS\5.7.0\CMSIS\Core\Include
  C:\Users\Windows 10\AppData\Local\Arm\Packs\Keil\STM32F1xx_DFP\2.3.0\Device\Include
  C:\Users\Windows 10\AppData\Local\Arm\Packs\Keil\STM32F1xx_DFP\2.3.0\Device\StdPeriph_Driver\inc

<h2>Collection of Component Files used:</h2>

   * Component: ARM.FreeRTOS::RTOS:Config:FreeRTOS:10.3.1
      Include file:  Config\ARMCM\FreeRTOSConfig.h

   * Component: ARM.FreeRTOS::RTOS:Core:Cortex-M:10.3.1
      Include file:  Source\include\semphr.h
      Include file:  Source\include\FreeRTOS.h
      Source file:   Source\queue.c
      Include file:  Source\include\queue.h
      Include file:  Source\include\task.h
      Source file:   Source\list.c
      Source file:   Source\portable\GCC\ARM_CM3\port.c
      Source file:   Source\tasks.c
      Source file:   CMSIS\RTOS2\FreeRTOS\Source\freertos_evr.c

   * Component: ARM.FreeRTOS::RTOS:Heap:Heap_4:10.3.1
      Source file:   Source\portable\MemMang\heap_4.c

   * Component: ARM::CMSIS:CORE:5.4.0

   * Component: Keil::Device:Startup:1.0.0
      Source file:   Device\Source\ARM\startup_stm32f10x_md.s
      Source file:   Device\Source\system_stm32f10x.c
      Include file:  RTE_Driver\Config\RTE_Device.h
      Source file:   Device\Source\ARM\STM32F1xx_OPT.s

   * Component: Keil::Device:StdPeriph Drivers:Framework:3.5.1
      Include file:  Device\StdPeriph_Driver\inc\misc.h
      Source file:   Device\StdPeriph_Driver\templates\stm32f10x_conf.h
      Include file:  Device\StdPeriph_Driver\templates\stm32f10x_it.h
      Source file:   Device\StdPeriph_Driver\src\misc.c
      Source file:   Device\StdPeriph_Driver\templates\stm32f10x_it.c

   * Component: Keil::Device:StdPeriph Drivers:GPIO:3.5.0
      Include file:  Device\StdPeriph_Driver\inc\stm32f10x_gpio.h
      Source file:   Device\StdPeriph_Driver\src\stm32f10x_gpio.c

   * Component: Keil::Device:StdPeriph Drivers:RCC:3.5.0
      Source file:   Device\StdPeriph_Driver\src\stm32f10x_rcc.c
      Include file:  Device\StdPeriph_Driver\inc\stm32f10x_rcc.h
Build Time Elapsed:  00:00:04
</pre>
</body>
</html>
