Component: ARM Compiler 6.15 Tool: armlink [5dd79300]

==============================================================================

Section Cross References

    digital_clock.o(.text.main) refers to peripheral_clock.o(.text.peripheral_clock_init) for peripheral_clock_init
    digital_clock.o(.text.main) refers to push_button.o(.text.pb_init) for pb_init
    digital_clock.o(.text.main) refers to controller.o(.text.digital_clock_init) for digital_clock_init
    digital_clock.o(.text.main) refers to disp.o(.text.disp_init) for disp_init
    digital_clock.o(.text.main) refers to ssd.o(.text.ssd_init) for ssd_init
    digital_clock.o(.text.main) refers to push_button.o(.text.pb_update) for pb_update
    digital_clock.o(.text.main) refers to tasks.o(.text.xTaskCreate) for xTaskCreate
    digital_clock.o(.text.main) refers to controller.o(.text.digital_clock_update) for digital_clock_update
    digital_clock.o(.text.main) refers to disp.o(.text.disp_update) for disp_update
    digital_clock.o(.text.main) refers to ssd.o(.text.ssd_update) for ssd_update
    digital_clock.o(.text.main) refers to tasks.o(.text.vTaskStartScheduler) for vTaskStartScheduler
    digital_clock.o(.ARM.exidx.text.main) refers to digital_clock.o(.text.main) for [Anonymous Symbol]
    digital_clock.o(.ARM.exidx.text.vApplicationIdleHook) refers to digital_clock.o(.text.vApplicationIdleHook) for [Anonymous Symbol]
    push_button.o(.text.pb_init) refers to gpio.o(.text.gpio_init_portpin) for gpio_init_portpin
    push_button.o(.text.pb_init) refers to push_button.o(.bss.pb_data) for pb_data
    push_button.o(.text.pb_init) refers to push_button.o(.text.pb_set_state) for pb_set_state
    push_button.o(.ARM.exidx.text.pb_init) refers to push_button.o(.text.pb_init) for [Anonymous Symbol]
    push_button.o(.text.pb_set_state) refers to push_button.o(.bss.pb_data) for pb_data
    push_button.o(.ARM.exidx.text.pb_set_state) refers to push_button.o(.text.pb_set_state) for [Anonymous Symbol]
    push_button.o(.text.pb_update) refers to push_button.o(.bss.pb_data) for pb_data
    push_button.o(.text.pb_update) refers to gpio.o(.text.gpio_get_portpinstate) for gpio_get_portpinstate
    push_button.o(.text.pb_update) refers to push_button.o(.text.pb_set_state) for pb_set_state
    push_button.o(.text.pb_update) refers to tasks.o(.text.vTaskDelay) for vTaskDelay
    push_button.o(.ARM.exidx.text.pb_update) refers to push_button.o(.text.pb_update) for [Anonymous Symbol]
    push_button.o(.text.pb_get_state) refers to push_button.o(.bss.pb_data) for pb_data
    push_button.o(.ARM.exidx.text.pb_get_state) refers to push_button.o(.text.pb_get_state) for [Anonymous Symbol]
    push_button.o(.text.pb_get_pressedtime) refers to push_button.o(.bss.pb_data) for pb_data
    push_button.o(.ARM.exidx.text.pb_get_pressedtime) refers to push_button.o(.text.pb_get_pressedtime) for [Anonymous Symbol]
    push_button.o(.text.pb_get_releasedtime) refers to push_button.o(.bss.pb_data) for pb_data
    push_button.o(.ARM.exidx.text.pb_get_releasedtime) refers to push_button.o(.text.pb_get_releasedtime) for [Anonymous Symbol]
    ssd.o(.text.ssd_init) refers to gpio.o(.text.gpio_init_portpin) for gpio_init_portpin
    ssd.o(.text.ssd_init) refers to ssd.o(.rodata.ssd_data) for ssd_data
    ssd.o(.text.ssd_init) refers to ssd.o(.text.ssd_set_data) for ssd_set_data
    ssd.o(.text.ssd_init) refers to ssd.o(.text.ssd_set_symbol) for ssd_set_symbol
    ssd.o(.text.ssd_init) refers to ssd.o(.text.ssd_set_state) for ssd_set_state
    ssd.o(.text.ssd_init) refers to ssd.o(.text.ssd_dot_set_state) for ssd_dot_set_state
    ssd.o(.ARM.exidx.text.ssd_init) refers to ssd.o(.text.ssd_init) for [Anonymous Symbol]
    ssd.o(.text.ssd_set_data) refers to gpio.o(.text.gpio_set_portpinstate) for gpio_set_portpinstate
    ssd.o(.ARM.exidx.text.ssd_set_data) refers to ssd.o(.text.ssd_set_data) for [Anonymous Symbol]
    ssd.o(.text.ssd_set_symbol) refers to ssd.o(.bss.ssd_symbol) for ssd_symbol
    ssd.o(.ARM.exidx.text.ssd_set_symbol) refers to ssd.o(.text.ssd_set_symbol) for [Anonymous Symbol]
    ssd.o(.text.ssd_set_state) refers to gpio.o(.text.gpio_set_portpinstate) for gpio_set_portpinstate
    ssd.o(.text.ssd_set_state) refers to ssd.o(.bss.ssd_dot_state) for ssd_dot_state
    ssd.o(.ARM.exidx.text.ssd_set_state) refers to ssd.o(.text.ssd_set_state) for [Anonymous Symbol]
    ssd.o(.text.ssd_dot_set_state) refers to ssd.o(.bss.ssd_dot_state) for ssd_dot_state
    ssd.o(.ARM.exidx.text.ssd_dot_set_state) refers to ssd.o(.text.ssd_dot_set_state) for [Anonymous Symbol]
    ssd.o(.text.ssd_update) refers to tasks.o(.text.vTaskDelay) for vTaskDelay
    ssd.o(.text.ssd_update) refers to ssd.o(.text.ssd_set_state) for ssd_set_state
    ssd.o(.text.ssd_update) refers to ssd.o(.bss.ssd_update.current_ssd) for ssd_update.current_ssd
    ssd.o(.text.ssd_update) refers to ssd.o(.bss.ssd_symbol) for ssd_symbol
    ssd.o(.text.ssd_update) refers to ssd.o(.rodata.ssd_data) for ssd_data
[...]
    Removing queue.o(.ARM.exidx.text.xQueueReceive), (8 bytes).
    Removing queue.o(.text.prvCopyDataFromQueue), (74 bytes).
    Removing queue.o(.ARM.exidx.text.prvCopyDataFromQueue), (8 bytes).
    Removing queue.o(.text.prvIsQueueEmpty), (42 bytes).
    Removing queue.o(.ARM.exidx.text.prvIsQueueEmpty), (8 bytes).
    Removing queue.o(.text.prvGetDisinheritPriorityAfterTimeout), (40 bytes).
    Removing queue.o(.ARM.exidx.text.prvGetDisinheritPriorityAfterTimeout), (8 bytes).
    Removing queue.o(.text.xQueuePeek), (514 bytes).
    Removing queue.o(.ARM.exidx.text.xQueuePeek), (8 bytes).
    Removing queue.o(.text.xQueueReceiveFromISR), (280 bytes).
    Removing queue.o(.ARM.exidx.text.xQueueReceiveFromISR), (8 bytes).
    Removing queue.o(.text.xQueuePeekFromISR), (222 bytes).
    Removing queue.o(.ARM.exidx.text.xQueuePeekFromISR), (8 bytes).
    Removing queue.o(.text.uxQueueMessagesWaiting), (56 bytes).
    Removing queue.o(.ARM.exidx.text.uxQueueMessagesWaiting), (8 bytes).
    Removing queue.o(.text.uxQueueSpacesAvailable), (64 bytes).
    Removing queue.o(.ARM.exidx.text.uxQueueSpacesAvailable), (8 bytes).
    Removing queue.o(.text.uxQueueMessagesWaitingFromISR), (50 bytes).
    Removing queue.o(.ARM.exidx.text.uxQueueMessagesWaitingFromISR), (8 bytes).
    Removing queue.o(.text.vQueueDelete), (50 bytes).
    Removing queue.o(.ARM.exidx.text.vQueueDelete), (8 bytes).
    Removing queue.o(.text.uxQueueGetQueueNumber), (12 bytes).
    Removing queue.o(.ARM.exidx.text.uxQueueGetQueueNumber), (8 bytes).
    Removing queue.o(.text.vQueueSetQueueNumber), (16 bytes).
    Removing queue.o(.ARM.exidx.text.vQueueSetQueueNumber), (8 bytes).
    Removing queue.o(.text.ucQueueGetQueueType), (14 bytes).
    Removing queue.o(.ARM.exidx.text.ucQueueGetQueueType), (8 bytes).
    Removing queue.o(.text.xQueueIsQueueEmptyFromISR), (66 bytes).
    Removing queue.o(.ARM.exidx.text.xQueueIsQueueEmptyFromISR), (8 bytes).
    Removing queue.o(.text.xQueueIsQueueFullFromISR), (70 bytes).
    Removing queue.o(.ARM.exidx.text.xQueueIsQueueFullFromISR), (8 bytes).
    Removing queue.o(.text.xQueueCreateSet), (24 bytes).
    Removing queue.o(.ARM.exidx.text.xQueueCreateSet), (8 bytes).
    Removing queue.o(.text.xQueueAddToSet), (68 bytes).
    Removing queue.o(.ARM.exidx.text.xQueueAddToSet), (8 bytes).
    Removing queue.o(.text.xQueueRemoveFromSet), (74 bytes).
    Removing queue.o(.ARM.exidx.text.xQueueRemoveFromSet), (8 bytes).
    Removing queue.o(.text.xQueueSelectFromSet), (32 bytes).
    Removing queue.o(.ARM.exidx.text.xQueueSelectFromSet), (8 bytes).
    Removing queue.o(.text.xQueueSelectFromSetFromISR), (36 bytes).
    Removing queue.o(.ARM.exidx.text.xQueueSelectFromSetFromISR), (8 bytes).
    Removing tasks.o(.text), (0 bytes).
    Removing tasks.o(.ARM.exidx.text.xTaskCreate), (8 bytes).
    Removing tasks.o(.ARM.exidx.text.prvInitialiseNewTask), (8 bytes).
    Removing tasks.o(.ARM.exidx.text.prvAddNewTaskToReadyList), (8 bytes).
    Removing tasks.o(.text.vTaskDelete), (334 bytes).
    Removing tasks.o(.ARM.exidx.text.vTaskDelete), (8 bytes).
    Removing tasks.o(.ARM.exidx.text.prvDeleteTCB), (8 bytes).
    Removing tasks.o(.ARM.exidx.text.prvResetNextTaskUnblockTime), (8 bytes).
    Removing tasks.o(.text.vTaskDelayUntil), (286 bytes).
    Removing tasks.o(.ARM.exidx.text.vTaskDelayUntil), (8 bytes).
    Removing tasks.o(.ARM.exidx.text.vTaskSuspendAll), (8 bytes).
    Removing tasks.o(.ARM.exidx.text.prvAddCurrentTaskToDelayedList), (8 bytes).
    Removing tasks.o(.ARM.exidx.text.xTaskResumeAll), (8 bytes).
    Removing tasks.o(.ARM.exidx.text.vTaskDelay), (8 bytes).
    Removing tasks.o(.text.eTaskGetState), (252 bytes).
    Removing tasks.o(.ARM.exidx.text.eTaskGetState), (8 bytes).
    Removing tasks.o(.text.uxTaskPriorityGet), (58 bytes).
    Removing tasks.o(.ARM.exidx.text.uxTaskPriorityGet), (8 bytes).
    Removing tasks.o(.text.uxTaskPriorityGetFromISR), (92 bytes).
    Removing tasks.o(.ARM.exidx.text.uxTaskPriorityGetFromISR), (8 bytes).
    Removing tasks.o(.text.vTaskPrioritySet), (436 bytes).
    Removing tasks.o(.ARM.exidx.text.vTaskPrioritySet), (8 bytes).
    Removing tasks.o(.text.vTaskSuspend), (362 bytes).
    Removing tasks.o(.ARM.exidx.text.vTaskSuspend), (8 bytes).
    Removing tasks.o(.ARM.exidx.text.vTaskSwitchContext), (8 bytes).
    Removing tasks.o(.text.vTaskResume), (208 bytes).
    Removing tasks.o(.ARM.exidx.text.vTaskResume), (8 bytes).
    Removing tasks.o(.text.prvTaskIsTaskSuspended), (110 bytes).
    Removing tasks.o(.ARM.exidx.text.prvTaskIsTaskSuspended), (8 bytes).
    Removing tasks.o(.text.xTaskResumeFromISR), (238 bytes).
    Removing tasks.o(.ARM.exidx.text.xTaskResumeFromISR), (8 bytes).
    Removing tasks.o(.ARM.exidx.text.vTaskStartScheduler), (8 bytes).
    Removing tasks.o(.ARM.exidx.text.prvIdleTask), (8 bytes).
    Removing tasks.o(.text.vTaskEndScheduler), (42 bytes).
    Removing tasks.o(.ARM.exidx.text.vTaskEndScheduler), (8 bytes).
    Removing tasks.o(.ARM.exidx.text.xTaskIncrementTick), (8 bytes).
    Removing tasks.o(.text.xTaskGetTickCount), (20 bytes).
    Removing tasks.o(.ARM.exidx.text.xTaskGetTickCount), (8 bytes).
    Removing tasks.o(.text.xTaskGetTickCountFromISR), (30 bytes).
    Removing tasks.o(.ARM.exidx.text.xTaskGetTickCountFromISR), (8 bytes).
    Removing tasks.o(.text.uxTaskGetNumberOfTasks), (12 bytes).
    Removing tasks.o(.ARM.exidx.text.uxTaskGetNumberOfTasks), (8 bytes).
    Removing tasks.o(.text.pcTaskGetName), (74 bytes).
    Removing tasks.o(.ARM.exidx.text.pcTaskGetName), (8 bytes).
    Removing tasks.o(.text.xTaskGetHandle), (224 bytes).
    Removing tasks.o(.ARM.exidx.text.xTaskGetHandle), (8 bytes).
    Removing tasks.o(.text.prvSearchForNameWithinSingleList), (234 bytes).
    Removing tasks.o(.ARM.exidx.text.prvSearchForNameWithinSingleList), (8 bytes).
    Removing tasks.o(.text.uxTaskGetSystemState), (268 bytes).
    Removing tasks.o(.ARM.exidx.text.uxTaskGetSystemState), (8 bytes).
    Removing tasks.o(.text.prvListTasksWithinSingleList), (166 bytes).
    Removing tasks.o(.ARM.exidx.text.prvListTasksWithinSingleList), (8 bytes).
    Removing tasks.o(.text.xTaskGetIdleTaskHandle), (54 bytes).
    Removing tasks.o(.ARM.exidx.text.xTaskGetIdleTaskHandle), (8 bytes).
    Removing tasks.o(.ARM.exidx.text.vTaskStepTick), (8 bytes).
    Removing tasks.o(.text.xTaskCatchUpTicks), (80 bytes).
    Removing tasks.o(.ARM.exidx.text.xTaskCatchUpTicks), (8 bytes).
    Removing tasks.o(.text.xTaskAbortDelay), (224 bytes).
    Removing tasks.o(.ARM.exidx.text.xTaskAbortDelay), (8 bytes).
    Removing tasks.o(.text.vTaskPlaceOnEventList), (68 bytes).
    Removing tasks.o(.ARM.exidx.text.vTaskPlaceOnEventList), (8 bytes).
    Removing tasks.o(.text.vTaskPlaceOnUnorderedEventList), (118 bytes).
    Removing tasks.o(.ARM.exidx.text.vTaskPlaceOnUnorderedEventList), (8 bytes).
    Removing tasks.o(.text.xTaskRemoveFromEventList), (206 bytes).
    Removing tasks.o(.ARM.exidx.text.xTaskRemoveFromEventList), (8 bytes).
    Removing tasks.o(.text.vTaskRemoveFromUnorderedEventList), (206 bytes).
    Removing tasks.o(.ARM.exidx.text.vTaskRemoveFromUnorderedEventList), (8 bytes).
    Removing tasks.o(.text.vTaskSetTimeOutState), (76 bytes).
    Removing tasks.o(.ARM.exidx.text.vTaskSetTimeOutState), (8 bytes).
    Removing tasks.o(.text.vTaskInternalSetTimeOutState), (36 bytes).
    Removing tasks.o(.ARM.exidx.text.vTaskInternalSetTimeOutState), (8 bytes).
    Removing tasks.o(.text.xTaskCheckForTimeOut), (254 bytes).
    Removing tasks.o(.ARM.exidx.text.xTaskCheckForTimeOut), (8 bytes).
    Removing tasks.o(.text.vTaskMissedYield), (14 bytes).
    Removing tasks.o(.ARM.exidx.text.vTaskMissedYield), (8 bytes).
    Removing tasks.o(.text.uxTaskGetTaskNumber), (36 bytes).
    Removing tasks.o(.ARM.exidx.text.uxTaskGetTaskNumber), (8 bytes).
    Removing tasks.o(.text.vTaskSetTaskNumber), (30 bytes).
    Removing tasks.o(.ARM.exidx.text.vTaskSetTaskNumber), (8 bytes).
    Removing tasks.o(.ARM.exidx.text.eTaskConfirmSleepModeStatus), (8 bytes).
    Removing tasks.o(.text.vTaskGetInfo), (232 bytes).
    Removing tasks.o(.ARM.exidx.text.vTaskGetInfo), (8 bytes).
    Removing tasks.o(.text.prvTaskCheckFreeStackSpace), (48 bytes).
    Removing tasks.o(.ARM.exidx.text.prvTaskCheckFreeStackSpace), (8 bytes).
    Removing tasks.o(.text.uxTaskGetStackHighWaterMark2), (62 bytes).
    Removing tasks.o(.ARM.exidx.text.uxTaskGetStackHighWaterMark2), (8 bytes).
    Removing tasks.o(.text.uxTaskGetStackHighWaterMark), (58 bytes).
    Removing tasks.o(.ARM.exidx.text.uxTaskGetStackHighWaterMark), (8 bytes).
    Removing tasks.o(.text.xTaskGetCurrentTaskHandle), (20 bytes).
    Removing tasks.o(.ARM.exidx.text.xTaskGetCurrentTaskHandle), (8 bytes).
    Removing tasks.o(.text.xTaskGetSchedulerState), (60 bytes).
    Removing tasks.o(.ARM.exidx.text.xTaskGetSchedulerState), (8 bytes).
    Removing tasks.o(.text.xTaskPriorityInherit), (294 bytes).
    Removing tasks.o(.ARM.exidx.text.xTaskPriorityInherit), (8 bytes).
    Removing tasks.o(.text.xTaskPriorityDisinherit), (296 bytes).
    Removing tasks.o(.ARM.exidx.text.xTaskPriorityDisinherit), (8 bytes).
    Removing tasks.o(.text.vTaskPriorityDisinheritAfterTimeout), (332 bytes).
    Removing tasks.o(.ARM.exidx.text.vTaskPriorityDisinheritAfterTimeout), (8 bytes).
    Removing tasks.o(.text.uxTaskResetEventItemValue), (34 bytes).
    Removing tasks.o(.ARM.exidx.text.uxTaskResetEventItemValue), (8 bytes).
    Removing tasks.o(.text.pvTaskIncrementMutexHeldCount), (46 bytes).
    Removing tasks.o(.ARM.exidx.text.pvTaskIncrementMutexHeldCount), (8 bytes).
    Removing tasks.o(.text.ulTaskNotifyTake), (194 bytes).
    Removing tasks.o(.ARM.exidx.text.ulTaskNotifyTake), (8 bytes).
    Removing tasks.o(.text.xTaskNotifyWait), (222 bytes).
    Removing tasks.o(.ARM.exidx.text.xTaskNotifyWait), (8 bytes).
    Removing tasks.o(.text.xTaskGenericNotify), (382 bytes).
    Removing tasks.o(.ARM.exidx.text.xTaskGenericNotify), (8 bytes).
    Removing tasks.o(.text.xTaskGenericNotifyFromISR), (458 bytes).
    Removing tasks.o(.ARM.exidx.text.xTaskGenericNotifyFromISR), (8 bytes).
    Removing tasks.o(.text.vTaskNotifyGiveFromISR), (312 bytes).
    Removing tasks.o(.ARM.exidx.text.vTaskNotifyGiveFromISR), (8 bytes).
    Removing tasks.o(.text.xTaskNotifyStateClear), (84 bytes).
    Removing tasks.o(.ARM.exidx.text.xTaskNotifyStateClear), (8 bytes).
    Removing tasks.o(.text.ulTaskNotifyValueClear), (80 bytes).
    Removing tasks.o(.ARM.exidx.text.ulTaskNotifyValueClear), (8 bytes).
    Removing tasks.o(.ARM.exidx.text.prvInitialiseTaskLists), (8 bytes).
    Removing tasks.o(.ARM.exidx.text.prvCheckTasksWaitingTermination), (8 bytes).
    Removing tasks.o(.ARM.exidx.text.prvGetExpectedIdleTime), (8 bytes).

390 unused section(s) (total 19948 bytes) removed from the image.

==============================================================================

Image Symbol Table

    Local Symbols

    Symbol Name                              Value     Ov Type        Size  Object(Section)

    ../clib/angel/boardlib.s                 0x00000000   Number         0  boardinit1.o ABSOLUTE
    ../clib/angel/boardlib.s                 0x00000000   Number         0  boardinit2.o ABSOLUTE
    ../clib/angel/boardlib.s                 0x00000000   Number         0  boardinit3.o ABSOLUTE
    ../clib/angel/boardlib.s                 0x00000000   Number         0  boardshut.o ABSOLUTE
    ../clib/angel/handlers.s                 0x00000000   Number         0  __scatter_copy.o ABSOLUTE
    ../clib/angel/handlers.s                 0x00000000   Number         0  __scatter_zi.o ABSOLUTE
    ../clib/angel/kernel.s                   0x00000000   Number         0  __rtentry.o ABSOLUTE
    ../clib/angel/kernel.s                   0x00000000   Number         0  __rtentry2.o ABSOLUTE
    ../clib/angel/kernel.s                   0x00000000   Number         0  __rtentry4.o ABSOLUTE
    ../clib/angel/kernel.s                   0x00000000   Number         0  rtexit.o ABSOLUTE
    ../clib/angel/kernel.s                   0x00000000   Number         0  rtexit2.o ABSOLUTE
    ../clib/angel/rt.s                       0x00000000   Number         0  rt_raise.o ABSOLUTE
    ../clib/angel/scatter.s                  0x00000000   Number         0  __scatter.o ABSOLUTE
    ../clib/angel/startup.s                  0x00000000   Number         0  __main.o ABSOLUTE
    ../clib/angel/sys.s                      0x00000000   Number         0  sys_stackheap_outer.o ABSOLUTE
    ../clib/angel/sys.s                      0x00000000   Number         0  libspace.o ABSOLUTE
    ../clib/angel/sys.s                      0x00000000   Number         0  use_no_semi.o ABSOLUTE
    ../clib/angel/sys.s                      0x00000000   Number         0  indicate_semi.o ABSOLUTE
    ../clib/angel/sysapp.c                   0x00000000   Number         0  sys_exit.o ABSOLUTE
    ../clib/angel/sysapp.c                   0x00000000   Number         0  sys_exit_hlt.o ABSOLUTE
    ../clib/angel/sysapp.c                   0x00000000   Number         0  sys_command.o ABSOLUTE
    ../clib/angel/sysapp.c                   0x00000000   Number         0  sys_command_hlt.o ABSOLUTE
    ../clib/angel/sysapp.c                   0x00000000   Number         0  sys_wrch.o ABSOLUTE
    ../clib/angel/sysapp.c                   0x00000000   Number         0  sys_wrch_hlt.o ABSOLUTE
    ../clib/armsys.c                         0x00000000   Number         0  argv_veneer.o ABSOLUTE
    ../clib/armsys.c                         0x00000000   Number         0  argv_veneer.o ABSOLUTE
    ../clib/armsys.c                         0x00000000   Number         0  _get_argv_nomalloc.o ABSOLUTE
    ../clib/armsys.c                         0x00000000   Number         0  no_argv.o ABSOLUTE
    ../clib/heapalloc.c                      0x00000000   Number         0  hrguard.o ABSOLUTE
    ../clib/heapaux.c                        0x00000000   Number         0  heapauxi.o ABSOLUTE
    ../clib/libinit.s                        0x00000000   Number         0  libinit.o ABSOLUTE
    ../clib/libinit.s                        0x00000000   Number         0  libinit2.o ABSOLUTE
    ../clib/libinit.s                        0x00000000   Number         0  libshutdown.o ABSOLUTE
    ../clib/libinit.s                        0x00000000   Number         0  libshutdown2.o ABSOLUTE
    ../clib/memcpset.s                       0x00000000   Number         0  rt_memcpy_v6.o ABSOLUTE
    ../clib/memcpset.s                       0x00000000   Number         0  aeabi_memset4.o ABSOLUTE
    ../clib/memcpset.s                       0x00000000   Number         0  rt_memcpy_w.o ABSOLUTE
    ../clib/memcpset.s                       0x00000000   Number         0  rt_memclr_w.o ABSOLUTE
    ../clib/signal.c                         0x00000000   Number         0  defsig_rtmem_outer.o ABSOLUTE
    ../clib/signal.c                         0x00000000   Number         0  defsig_rtmem_formal.o ABSOLUTE
    ../clib/signal.c                         0x00000000   Number         0  defsig_exit.o ABSOLUTE
    ../clib/signal.c                         0x00000000   Number         0  defsig_rtmem_inner.o ABSOLUTE
    ../clib/signal.c                         0x00000000   Number         0  __raise.o ABSOLUTE
    ../clib/signal.c                         0x00000000   Number         0  defsig_general.o ABSOLUTE
    ../clib/signal.c                         0x00000000   Number         0  defsig_abrt_inner.o ABSOLUTE
    ../clib/signal.c                         0x00000000   Number         0  defsig_fpe_inner.o ABSOLUTE
    ../clib/signal.c                         0x00000000   Number         0  defsig_rtred_inner.o ABSOLUTE
    ../clib/signal.c                         0x00000000   Number         0  defsig_stak_inner.o ABSOLUTE
    ../clib/signal.c                         0x00000000   Number         0  defsig_pvfn_inner.o ABSOLUTE
    ../clib/signal.c                         0x00000000   Number         0  defsig_cppl_inner.o ABSOLUTE
    ../clib/signal.c                         0x00000000   Number         0  defsig_segv_inner.o ABSOLUTE
    ../clib/signal.c                         0x00000000   Number         0  defsig_other.o ABSOLUTE
    ../clib/signal.s                         0x00000000   Number         0  defsig.o ABSOLUTE
    ../clib/stdlib.c                         0x00000000   Number         0  exit.o ABSOLUTE
    ../clib/string.c                         0x00000000   Number         0  strlen.o ABSOLUTE
    ../fplib/fpinit.s                        0x00000000   Number         0  fpinit.o ABSOLUTE
    ../fplib/fpinit_empty.s                  0x00000000   Number         0  fpinit_empty.o ABSOLUTE
    RTE/Device/STM32F102C8/startup_stm32f10x_md.s 0x00000000   Number         0  startup_stm32f10x_md.o ABSOLUTE
    controller.c                             0x00000000   Number         0  controller.o ABSOLUTE
    dc.s                                     0x00000000   Number         0  dc.o ABSOLUTE
    digital_clock.c                          0x00000000   Number         0  digital_clock.o ABSOLUTE
    disp.c                                   0x00000000   Number         0  disp.o ABSOLUTE
    freertos_evr.c                           0x00000000   Number         0  freertos_evr.o ABSOLUTE
    gpio.c                                   0x00000000   Number         0  gpio.o ABSOLUTE
    heap_4.c                                 0x00000000   Number         0  heap_4.o ABSOLUTE
    list.c                                   0x00000000   Number         0  list.o ABSOLUTE
    misc.c                                   0x00000000   Number         0  misc.o ABSOLUTE
    peripheral_clock.c                       0x00000000   Number         0  peripheral_clock.o ABSOLUTE
    port.c                                   0x00000000   Number         0  port.o ABSOLUTE
    push_button.c                            0x00000000   Number         0  push_button.o ABSOLUTE
    queue.c                                  0x00000000   Number         0  queue.o ABSOLUTE
    ssd.c                                    0x00000000   Number         0  ssd.o ABSOLUTE
    stm32f10x_gpio.c                         0x00000000   Number         0  stm32f10x_gpio.o ABSOLUTE
    stm32f10x_rcc.c                          0x00000000   Number         0  stm32f10x_rcc.o ABSOLUTE
    system_stm32f10x.c                       0x00000000   Number         0  system_stm32f10x.o ABSOLUTE
    tasks.c                                  0x00000000   Number         0  tasks.o ABSOLUTE
    RESET                                    0x08000000   Section      236  startup_stm32f10x_md.o(RESET)
    !!!main                                  0x080000ec   Section        8  __main.o(!!!main)
    !!!scatter                               0x080000f4   Section       52  __scatter.o(!!!scatter)
    !!handler_copy                           0x08000128   Section       26  __scatter_copy.o(!!handler_copy)
    !!handler_zi                             0x08000144   Section       28  __scatter_zi.o(!!handler_zi)
    .ARM.Collect$$libinit$$00000000          0x08000160   Section        2  libinit.o(.ARM.Collect$$libinit$$00000000)
    .ARM.Collect$$libinit$$00000002          0x08000162   Section        0  libinit2.o(.ARM.Collect$$libinit$$00000002)
    .ARM.Collect$$libinit$$00000004          0x08000162   Section        0  libinit2.o(.ARM.Collect$$libinit$$00000004)
    .ARM.Collect$$libinit$$0000000A          0x08000162   Section        0  libinit2.o(.ARM.Collect$$libinit$$0000000A)
    .ARM.Collect$$libinit$$0000000C          0x08000162   Section        0  libinit2.o(.ARM.Collect$$libinit$$0000000C)
    .ARM.Collect$$libinit$$0000000E          0x08000162   Section        0  libinit2.o(.ARM.Collect$$libinit$$0000000E)
    .ARM.Collect$$libinit$$00000011          0x08000162   Section        0  libinit2.o(.ARM.Collect$$libinit$$00000011)
    .ARM.Collect$$libinit$$00000013          0x08000162   Section        0  libinit2.o(.ARM.Collect$$libinit$$00000013)
    .ARM.Collect$$libinit$$00000015          0x08000162   Section        0  libinit2.o(.ARM.Collect$$libinit$$00000015)
    .ARM.Collect$$libinit$$00000017          0x08000162   Section        0  libinit2.o(.ARM.Collect$$libinit$$00000017)
    .ARM.Collect$$libinit$$00000019          0x08000162   Section        0  libinit2.o(.ARM.Collect$$libinit$$00000019)
    .ARM.Collect$$libinit$$0000001B          0x08000162   Section        0  libinit2.o(.ARM.Collect$$libinit$$0000001B)
    .ARM.Collect$$libinit$$0000001D          0x08000162   Section        0  libinit2.o(.ARM.Collect$$libinit$$0000001D)
    .ARM.Collect$$libinit$$0000001F          0x08000162   Section        0  libinit2.o(.ARM.Collect$$libinit$$0000001F)
    .ARM.Collect$$libinit$$00000021          0x08000162   Section        0  libinit2.o(.ARM.Collect$$libinit$$00000021)
    .ARM.Collect$$libinit$$00000023          0x08000162   Section        0  libinit2.o(.ARM.Collect$$libinit$$00000023)
    .ARM.Collect$$libinit$$00000025          0x08000162   Section        0  libinit2.o(.ARM.Collect$$libinit$$00000025)
    .ARM.Collect$$libinit$$0000002C          0x08000162   Section        0  libinit2.o(.ARM.Collect$$libinit$$0000002C)
    .ARM.Collect$$libinit$$0000002E          0x08000162   Section        0  libinit2.o(.ARM.Collect$$libinit$$0000002E)
    .ARM.Collect$$libinit$$00000030          0x08000162   Section        0  libinit2.o(.ARM.Collect$$libinit$$00000030)
    .ARM.Collect$$libinit$$00000032          0x08000162   Section        0  libinit2.o(.ARM.Collect$$libinit$$00000032)
    .ARM.Collect$$libinit$$00000033          0x08000162   Section        2  libinit2.o(.ARM.Collect$$libinit$$00000033)
    .ARM.Collect$$libshutdown$$00000000      0x08000164   Section        2  libshutdown.o(.ARM.Collect$$libshutdown$$00000000)
    .ARM.Collect$$libshutdown$$00000002      0x08000166   Section        0  libshutdown2.o(.ARM.Collect$$libshutdown$$00000002)
    .ARM.Collect$$libshutdown$$00000004      0x08000166   Section        0  libshutdown2.o(.ARM.Collect$$libshutdown$$00000004)
    .ARM.Collect$$libshutdown$$00000007      0x08000166   Section        0  libshutdown2.o(.ARM.Collect$$libshutdown$$00000007)
    .ARM.Collect$$libshutdown$$0000000A      0x08000166   Section        0  libshutdown2.o(.ARM.Collect$$libshutdown$$0000000A)
    .ARM.Collect$$libshutdown$$0000000C      0x08000166   Section        0  libshutdown2.o(.ARM.Collect$$libshutdown$$0000000C)
    .ARM.Collect$$libshutdown$$0000000F      0x08000166   Section        0  libshutdown2.o(.ARM.Collect$$libshutdown$$0000000F)
    .ARM.Collect$$libshutdown$$00000010      0x08000166   Section        2  libshutdown2.o(.ARM.Collect$$libshutdown$$00000010)
    .ARM.Collect$$rtentry$$00000000          0x08000168   Section        0  __rtentry.o(.ARM.Collect$$rtentry$$00000000)
    .ARM.Collect$$rtentry$$00000002          0x08000168   Section        0  __rtentry2.o(.ARM.Collect$$rtentry$$00000002)
    .ARM.Collect$$rtentry$$00000004          0x08000168   Section        6  __rtentry4.o(.ARM.Collect$$rtentry$$00000004)
    .ARM.Collect$$rtentry$$00000009          0x0800016e   Section        0  __rtentry2.o(.ARM.Collect$$rtentry$$00000009)
    .ARM.Collect$$rtentry$$0000000A          0x0800016e   Section        4  __rtentry2.o(.ARM.Collect$$rtentry$$0000000A)
    .ARM.Collect$$rtentry$$0000000C          0x08000172   Section        0  __rtentry2.o(.ARM.Collect$$rtentry$$0000000C)
    .ARM.Collect$$rtentry$$0000000D          0x08000172   Section        8  __rtentry2.o(.ARM.Collect$$rtentry$$0000000D)
    .ARM.Collect$$rtexit$$00000000           0x0800017a   Section        2  rtexit.o(.ARM.Collect$$rtexit$$00000000)
    .ARM.Collect$$rtexit$$00000002           0x0800017c   Section        0  rtexit2.o(.ARM.Collect$$rtexit$$00000002)
    .ARM.Collect$$rtexit$$00000003           0x0800017c   Section        4  rtexit2.o(.ARM.Collect$$rtexit$$00000003)
    .ARM.Collect$$rtexit$$00000004           0x08000180   Section        6  rtexit2.o(.ARM.Collect$$rtexit$$00000004)
    .text                                    0x08000188   Section       64  startup_stm32f10x_md.o(.text)
    .text                                    0x080001c8   Section       16  aeabi_memset4.o(.text)
    .text                                    0x080001d8   Section        0  heapauxi.o(.text)
    .text                                    0x080001de   Section       78  rt_memclr_w.o(.text)
    .text                                    0x0800022c   Section       74  sys_stackheap_outer.o(.text)
    .text                                    0x08000276   Section        0  exit.o(.text)
    .text                                    0x08000288   Section        8  libspace.o(.text)
    .text                                    0x08000290   Section        0  sys_exit.o(.text)
    .text                                    0x0800029c   Section        2  use_no_semi.o(.text)
    .text                                    0x0800029e   Section        0  indicate_semi.o(.text)
    [Anonymous Symbol]                       0x080002a0   Section        0  stm32f10x_gpio.o(.text.GPIO_Init)
    [Anonymous Symbol]                       0x08000430   Section        0  stm32f10x_gpio.o(.text.GPIO_ReadInputDataBit)
    [Anonymous Symbol]                       0x08000468   Section        0  stm32f10x_gpio.o(.text.GPIO_ResetBits)
    [Anonymous Symbol]                       0x08000480   Section        0  stm32f10x_gpio.o(.text.GPIO_SetBits)
    [Anonymous Symbol]                       0x080004a0   Section        0  port.o(.text.PendSV_Handler)
    pxCurrentTCBConst                        0x080004e0   Number         0  port.o(.text.PendSV_Handler)
    [Anonymous Symbol]                       0x080004e4   Section        0  stm32f10x_rcc.o(.text.RCC_APB2PeriphClockCmd)
    [Anonymous Symbol]                       0x08000530   Section        0  port.o(.text.SVC_Handler)
    pxCurrentTCBConst2                       0x08000550   Number         0  port.o(.text.SVC_Handler)
    SetSysClock                              0x08000555   Thumb Code     8  system_stm32f10x.o(.text.SetSysClock)
    [Anonymous Symbol]                       0x08000554   Section        0  system_stm32f10x.o(.text.SetSysClock)
    SetSysClockTo72                          0x0800055d   Thumb Code   290  system_stm32f10x.o(.text.SetSysClockTo72)
    [Anonymous Symbol]                       0x0800055c   Section        0  system_stm32f10x.o(.text.SetSysClockTo72)
    [Anonymous Symbol]                       0x08000680   Section        0  port.o(.text.SysTick_Handler)
    [Anonymous Symbol]                       0x080006c0   Section        0  system_stm32f10x.o(.text.SystemInit)
    [Anonymous Symbol]                       0x08000728   Section        0  controller.o(.text.digital_clock_get_state)
    [Anonymous Symbol]                       0x08000740   Section        0  controller.o(.text.digital_clock_get_time)
    [Anonymous Symbol]                       0x08000764   Section        0  controller.o(.text.digital_clock_init)
    [Anonymous Symbol]                       0x08000790   Section        0  controller.o(.text.digital_clock_set_state)
    [Anonymous Symbol]                       0x080007ac   Section        0  controller.o(.text.digital_clock_update)
    [Anonymous Symbol]                       0x080009f8   Section        0  disp.o(.text.disp_init)
    [Anonymous Symbol]                       0x08000a08   Section        0  disp.o(.text.disp_set_blinkcounter)
    [Anonymous Symbol]                       0x08000a24   Section        0  disp.o(.text.disp_update)
    [Anonymous Symbol]                       0x08000cbc   Section        0  tasks.o(.text.eTaskConfirmSleepModeStatus)
    [Anonymous Symbol]                       0x08000d28   Section        0  gpio.o(.text.gpio_get_portpinstate)
    [Anonymous Symbol]                       0x08000d54   Section        0  gpio.o(.text.gpio_init_portpin)
    [Anonymous Symbol]                       0x08000da8   Section        0  gpio.o(.text.gpio_set_portpinstate)
    [Anonymous Symbol]                       0x08000df0   Section        0  digital_clock.o(.text.main)
    [Anonymous Symbol]                       0x08000e94   Section        0  push_button.o(.text.pb_get_pressedtime)
    [Anonymous Symbol]                       0x08000ec4   Section        0  push_button.o(.text.pb_get_state)
    [Anonymous Symbol]                       0x08000ef4   Section        0  push_button.o(.text.pb_init)
    [Anonymous Symbol]                       0x08000fe8   Section        0  push_button.o(.text.pb_set_state)
    [Anonymous Symbol]                       0x08001014   Section        0  push_button.o(.text.pb_update)
    [Anonymous Symbol]                       0x080013c4   Section        0  peripheral_clock.o(.text.peripheral_clock_init)
    prvAddCurrentTaskToDelayedList           0x080013e9   Thumb Code   260  tasks.o(.text.prvAddCurrentTaskToDelayedList)
    [Anonymous Symbol]                       0x080013e8   Section        0  tasks.o(.text.prvAddCurrentTaskToDelayedList)
    prvAddNewTaskToReadyList                 0x080014ed   Thumb Code   290  tasks.o(.text.prvAddNewTaskToReadyList)
    [Anonymous Symbol]                       0x080014ec   Section        0  tasks.o(.text.prvAddNewTaskToReadyList)
    prvCheckTasksWaitingTermination          0x08001611   Thumb Code    94  tasks.o(.text.prvCheckTasksWaitingTermination)
    [Anonymous Symbol]                       0x08001610   Section        0  tasks.o(.text.prvCheckTasksWaitingTermination)
    prvDeleteTCB                             0x08001671   Thumb Code    24  tasks.o(.text.prvDeleteTCB)
    [Anonymous Symbol]                       0x08001670   Section        0  tasks.o(.text.prvDeleteTCB)
    prvGetExpectedIdleTime                   0x08001689   Thumb Code   128  tasks.o(.text.prvGetExpectedIdleTime)
    [Anonymous Symbol]                       0x08001688   Section        0  tasks.o(.text.prvGetExpectedIdleTime)
    prvHeapInit                              0x08001709   Thumb Code   190  heap_4.o(.text.prvHeapInit)
    [Anonymous Symbol]                       0x08001708   Section        0  heap_4.o(.text.prvHeapInit)
    prvIdleTask                              0x080017c9   Thumb Code   158  tasks.o(.text.prvIdleTask)
    [Anonymous Symbol]                       0x080017c8   Section        0  tasks.o(.text.prvIdleTask)
    prvInitialiseNewTask                     0x08001869   Thumb Code   312  tasks.o(.text.prvInitialiseNewTask)
    [Anonymous Symbol]                       0x08001868   Section        0  tasks.o(.text.prvInitialiseNewTask)
    prvInitialiseTaskLists                   0x080019a1   Thumb Code   142  tasks.o(.text.prvInitialiseTaskLists)
    [Anonymous Symbol]                       0x080019a0   Section        0  tasks.o(.text.prvInitialiseTaskLists)
    prvInsertBlockIntoFreeList               0x08001a31   Thumb Code   198  heap_4.o(.text.prvInsertBlockIntoFreeList)
    [Anonymous Symbol]                       0x08001a30   Section        0  heap_4.o(.text.prvInsertBlockIntoFreeList)
    prvPortStartFirstTask                    0x08001af9   Thumb Code    26  port.o(.text.prvPortStartFirstTask)
    [Anonymous Symbol]                       0x08001af8   Section        0  port.o(.text.prvPortStartFirstTask)
    prvResetNextTaskUnblockTime              0x08001b19   Thumb Code    72  tasks.o(.text.prvResetNextTaskUnblockTime)
    [Anonymous Symbol]                       0x08001b18   Section        0  tasks.o(.text.prvResetNextTaskUnblockTime)
    prvTaskExitError                         0x08001b61   Thumb Code    80  port.o(.text.prvTaskExitError)
    [Anonymous Symbol]                       0x08001b60   Section        0  port.o(.text.prvTaskExitError)
    [Anonymous Symbol]                       0x08001bb0   Section        0  heap_4.o(.text.pvPortMalloc)
    [Anonymous Symbol]                       0x08001dac   Section        0  port.o(.text.pxPortInitialiseStack)
    [Anonymous Symbol]                       0x08001dfc   Section        0  ssd.o(.text.ssd_dot_get_state)
    [Anonymous Symbol]                       0x08001e1c   Section        0  ssd.o(.text.ssd_dot_set_state)
    [Anonymous Symbol]                       0x08001e38   Section        0  ssd.o(.text.ssd_get_symbol)
    [Anonymous Symbol]                       0x08001e60   Section        0  ssd.o(.text.ssd_init)
    [Anonymous Symbol]                       0x08001f58   Section        0  ssd.o(.text.ssd_set_data)
    [Anonymous Symbol]                       0x08001fc0   Section        0  ssd.o(.text.ssd_set_state)
    [Anonymous Symbol]                       0x08002058   Section        0  ssd.o(.text.ssd_set_symbol)
    [Anonymous Symbol]                       0x08002080   Section        0  ssd.o(.text.ssd_update)
    [Anonymous Symbol]                       0x08002118   Section        0  list.o(.text.uxListRemove)
    [Anonymous Symbol]                       0x08002160   Section        0  digital_clock.o(.text.vApplicationIdleHook)
    [Anonymous Symbol]                       0x08002164   Section        0  list.o(.text.vListInitialise)
    [Anonymous Symbol]                       0x08002194   Section        0  list.o(.text.vListInitialiseItem)
    [Anonymous Symbol]                       0x080021a4   Section        0  list.o(.text.vListInsert)
    [Anonymous Symbol]                       0x08002210   Section        0  list.o(.text.vListInsertEnd)
    [Anonymous Symbol]                       0x0800224c   Section        0  port.o(.text.vPortEnterCritical)
    [Anonymous Symbol]                       0x080022a4   Section        0  port.o(.text.vPortExitCritical)
    [Anonymous Symbol]                       0x080022f4   Section        0  heap_4.o(.text.vPortFree)
    [Anonymous Symbol]                       0x080023c8   Section        0  port.o(.text.vPortSetupTimerInterrupt)
    [Anonymous Symbol]                       0x08002454   Section        0  port.o(.text.vPortSuppressTicksAndSleep)
    [Anonymous Symbol]                       0x08002664   Section        0  tasks.o(.text.vTaskDelay)
    [Anonymous Symbol]                       0x080026d8   Section        0  tasks.o(.text.vTaskStartScheduler)
    [Anonymous Symbol]                       0x08002788   Section        0  tasks.o(.text.vTaskStepTick)
    [Anonymous Symbol]                       0x080027d4   Section        0  tasks.o(.text.vTaskSuspendAll)
    [Anonymous Symbol]                       0x080027e4   Section        0  tasks.o(.text.vTaskSwitchContext)
    [Anonymous Symbol]                       0x080028a8   Section        0  port.o(.text.xPortStartScheduler)
    [Anonymous Symbol]                       0x08002990   Section        0  tasks.o(.text.xTaskCreate)
    [Anonymous Symbol]                       0x08002a38   Section        0  tasks.o(.text.xTaskIncrementTick)
    [Anonymous Symbol]                       0x08002bd8   Section        0  tasks.o(.text.xTaskResumeAll)
    .L.str                                   0x08002d6f   Data           5  tasks.o(.rodata.str1.1)
    [Anonymous Symbol]                       0x08002d6f   Section        0  tasks.o(.rodata.str1.1)
    uxCriticalNesting                        0x20000004   Data           4  port.o(.data.uxCriticalNesting)
    [Anonymous Symbol]                       0x20000004   Section        0  port.o(.data.uxCriticalNesting)
    .bss                                     0x20000008   Section       96  libspace.o(.bss)
    digital_clock_counter_ms                 0x20000068   Data           2  controller.o(.bss.digital_clock_counter_ms)
    [Anonymous Symbol]                       0x20000068   Section        0  controller.o(.bss.digital_clock_counter_ms)
    digital_clock_state                      0x2000006a   Data           1  controller.o(.bss.digital_clock_state)
    [Anonymous Symbol]                       0x2000006a   Section        0  controller.o(.bss.digital_clock_state)
    digital_clock_time                       0x2000006b   Data           3  controller.o(.bss.digital_clock_time)
    [Anonymous Symbol]                       0x2000006b   Section        0  controller.o(.bss.digital_clock_time)
    disp_blink_counter_ms                    0x2000006e   Data           2  disp.o(.bss.disp_blink_counter_ms)
    [Anonymous Symbol]                       0x2000006e   Section        0  disp.o(.bss.disp_blink_counter_ms)
    pb_data                                  0x20000070   Data          30  push_button.o(.bss.pb_data)
    [Anonymous Symbol]                       0x20000070   Section        0  push_button.o(.bss.pb_data)
    pxDelayedTaskList                        0x20000094   Data           4  tasks.o(.bss.pxDelayedTaskList)
    [Anonymous Symbol]                       0x20000094   Section        0  tasks.o(.bss.pxDelayedTaskList)
    pxEnd                                    0x20000098   Data           4  heap_4.o(.bss.pxEnd)
    [Anonymous Symbol]                       0x20000098   Section        0  heap_4.o(.bss.pxEnd)
    pxOverflowDelayedTaskList                0x2000009c   Data           4  tasks.o(.bss.pxOverflowDelayedTaskList)
    [Anonymous Symbol]                       0x2000009c   Section        0  tasks.o(.bss.pxOverflowDelayedTaskList)
    pxReadyTasksLists                        0x200000a0   Data         100  tasks.o(.bss.pxReadyTasksLists)
    [Anonymous Symbol]                       0x200000a0   Section        0  tasks.o(.bss.pxReadyTasksLists)
    ssd_dot_state                            0x20000104   Data           1  ssd.o(.bss.ssd_dot_state)
    [Anonymous Symbol]                       0x20000104   Section        0  ssd.o(.bss.ssd_dot_state)
    ssd_update.current_ssd                   0x20000109   Data           1  ssd.o(.bss.ssd_update.current_ssd)
    [Anonymous Symbol]                       0x20000109   Section        0  ssd.o(.bss.ssd_update.current_ssd)
    ucHeap                                   0x2000010a   Data        4096  heap_4.o(.bss.ucHeap)
    [Anonymous Symbol]                       0x2000010a   Section        0  heap_4.o(.bss.ucHeap)
    ucMaxSysCallPriority                     0x2000110a   Data           1  port.o(.bss.ucMaxSysCallPriority)
    [Anonymous Symbol]                       0x2000110a   Section        0  port.o(.bss.ucMaxSysCallPriority)
    ulMaxPRIGROUPValue                       0x2000110c   Data           4  port.o(.bss.ulMaxPRIGROUPValue)
    [Anonymous Symbol]                       0x2000110c   Section        0  port.o(.bss.ulMaxPRIGROUPValue)
    ulStoppedTimerCompensation               0x20001110   Data           4  port.o(.bss.ulStoppedTimerCompensation)
    [Anonymous Symbol]                       0x20001110   Section        0  port.o(.bss.ulStoppedTimerCompensation)
    ulTimerCountsForOneTick                  0x20001114   Data           4  port.o(.bss.ulTimerCountsForOneTick)
    [Anonymous Symbol]                       0x20001114   Section        0  port.o(.bss.ulTimerCountsForOneTick)
    uxCurrentNumberOfTasks                   0x20001118   Data           4  tasks.o(.bss.uxCurrentNumberOfTasks)
    [Anonymous Symbol]                       0x20001118   Section        0  tasks.o(.bss.uxCurrentNumberOfTasks)
    uxDeletedTasksWaitingCleanUp             0x2000111c   Data           4  tasks.o(.bss.uxDeletedTasksWaitingCleanUp)
    [Anonymous Symbol]                       0x2000111c   Section        0  tasks.o(.bss.uxDeletedTasksWaitingCleanUp)
    uxSchedulerSuspended                     0x20001120   Data           4  tasks.o(.bss.uxSchedulerSuspended)
    [Anonymous Symbol]                       0x20001120   Section        0  tasks.o(.bss.uxSchedulerSuspended)
    uxTaskNumber                             0x20001124   Data           4  tasks.o(.bss.uxTaskNumber)
    [Anonymous Symbol]                       0x20001124   Section        0  tasks.o(.bss.uxTaskNumber)
    uxTopReadyPriority                       0x20001128   Data           4  tasks.o(.bss.uxTopReadyPriority)
    [Anonymous Symbol]                       0x20001128   Section        0  tasks.o(.bss.uxTopReadyPriority)
    xBlockAllocatedBit                       0x2000112c   Data           4  heap_4.o(.bss.xBlockAllocatedBit)
    [Anonymous Symbol]                       0x2000112c   Section        0  heap_4.o(.bss.xBlockAllocatedBit)
    xDelayedTaskList1                        0x20001130   Data          20  tasks.o(.bss.xDelayedTaskList1)
    [Anonymous Symbol]                       0x20001130   Section        0  tasks.o(.bss.xDelayedTaskList1)
    xDelayedTaskList2                        0x20001144   Data          20  tasks.o(.bss.xDelayedTaskList2)
    [Anonymous Symbol]                       0x20001144   Section        0  tasks.o(.bss.xDelayedTaskList2)
    xFreeBytesRemaining                      0x20001158   Data           4  heap_4.o(.bss.xFreeBytesRemaining)
    [Anonymous Symbol]                       0x20001158   Section        0  heap_4.o(.bss.xFreeBytesRemaining)
    xIdleTaskHandle                          0x2000115c   Data           4  tasks.o(.bss.xIdleTaskHandle)
    [Anonymous Symbol]                       0x2000115c   Section        0  tasks.o(.bss.xIdleTaskHandle)
    xMaximumPossibleSuppressedTicks          0x20001160   Data           4  port.o(.bss.xMaximumPossibleSuppressedTicks)
    [Anonymous Symbol]                       0x20001160   Section        0  port.o(.bss.xMaximumPossibleSuppressedTicks)
    xMinimumEverFreeBytesRemaining           0x20001164   Data           4  heap_4.o(.bss.xMinimumEverFreeBytesRemaining)
    [Anonymous Symbol]                       0x20001164   Section        0  heap_4.o(.bss.xMinimumEverFreeBytesRemaining)
    xNextTaskUnblockTime                     0x20001168   Data           4  tasks.o(.bss.xNextTaskUnblockTime)
    [Anonymous Symbol]                       0x20001168   Section        0  tasks.o(.bss.xNextTaskUnblockTime)
    xNumOfOverflows                          0x2000116c   Data           4  tasks.o(.bss.xNumOfOverflows)
    [Anonymous Symbol]                       0x2000116c   Section        0  tasks.o(.bss.xNumOfOverflows)
    xNumberOfSuccessfulAllocations           0x20001170   Data           4  heap_4.o(.bss.xNumberOfSuccessfulAllocations)
    [Anonymous Symbol]                       0x20001170   Section        0  heap_4.o(.bss.xNumberOfSuccessfulAllocations)
    xNumberOfSuccessfulFrees                 0x20001174   Data           4  heap_4.o(.bss.xNumberOfSuccessfulFrees)
    [Anonymous Symbol]                       0x20001174   Section        0  heap_4.o(.bss.xNumberOfSuccessfulFrees)
    xPendedTicks                             0x20001178   Data           4  tasks.o(.bss.xPendedTicks)
    [Anonymous Symbol]                       0x20001178   Section        0  tasks.o(.bss.xPendedTicks)
    xPendingReadyList                        0x2000117c   Data          20  tasks.o(.bss.xPendingReadyList)
    [Anonymous Symbol]                       0x2000117c   Section        0  tasks.o(.bss.xPendingReadyList)
    xSchedulerRunning                        0x20001190   Data           4  tasks.o(.bss.xSchedulerRunning)
    [Anonymous Symbol]                       0x20001190   Section        0  tasks.o(.bss.xSchedulerRunning)
    xStart                                   0x20001194   Data           8  heap_4.o(.bss.xStart)
    [Anonymous Symbol]                       0x20001194   Section        0  heap_4.o(.bss.xStart)
    xSuspendedTaskList                       0x2000119c   Data          20  tasks.o(.bss.xSuspendedTaskList)
    [Anonymous Symbol]                       0x2000119c   Section        0  tasks.o(.bss.xSuspendedTaskList)
    xTasksWaitingTermination                 0x200011b0   Data          20  tasks.o(.bss.xTasksWaitingTermination)
    [Anonymous Symbol]                       0x200011b0   Section        0  tasks.o(.bss.xTasksWaitingTermination)
    xTickCount                               0x200011c4   Data           4  tasks.o(.bss.xTickCount)
    [Anonymous Symbol]                       0x200011c4   Section        0  tasks.o(.bss.xTickCount)
    xYieldPending                            0x200011c8   Data           4  tasks.o(.bss.xYieldPending)
    [Anonymous Symbol]                       0x200011c8   Section        0  tasks.o(.bss.xYieldPending)
    Heap_Mem                                 0x200011d0   Data         512  startup_stm32f10x_md.o(HEAP)
    HEAP                                     0x200011d0   Section      512  startup_stm32f10x_md.o(HEAP)
    Stack_Mem                                0x200013d0   Data        1024  startup_stm32f10x_md.o(STACK)
    STACK                                    0x200013d0   Section     1024  startup_stm32f10x_md.o(STACK)
    __initial_sp                             0x200017d0   Data           0  startup_stm32f10x_md.o(STACK)

    Global Symbols

    Symbol Name                              Value     Ov Type        Size  Object(Section)

    BuildAttributes$$THM_ISAv4$P$D$K$B$S$PE$A:L22UL41UL21$X:L11$S22US41US21$IEEE1$IW$~IW$USESV6$~STKCKD$USESV7$~SHL$OSPACE$ROPI$EBA8$UX$STANDARDLIB$REQ8$PRES8$EABIv2 0x00000000   Number         0  anon$$obj.o ABSOLUTE
    __fp_init_empty                          0x00000000   Number         0  fpinit_empty.o ABSOLUTE
    __ARM_exceptions_init                     - Undefined Weak Reference
    __alloca_initialize                       - Undefined Weak Reference
    __arm_preinit_                            - Undefined Weak Reference
    __cpp_initialize__aeabi_                  - Undefined Weak Reference
    __cxa_finalize                            - Undefined Weak Reference
    __rt_locale                               - Undefined Weak Reference
    __sigvec_lookup                           - Undefined Weak Reference
    _atexit_init                              - Undefined Weak Reference
    _call_atexit_fns                          - Undefined Weak Reference
    _clock_init                               - Undefined Weak Reference
    _fp_trap_init                             - Undefined Weak Reference
    _fp_trap_shutdown                         - Undefined Weak Reference
    _get_lc_collate                           - Undefined Weak Reference
    _get_lc_ctype                             - Undefined Weak Reference
    _get_lc_monetary                          - Undefined Weak Reference
    _get_lc_numeric                           - Undefined Weak Reference
    _get_lc_time                              - Undefined Weak Reference
    _getenv_init                              - Undefined Weak Reference
    _handle_redirection                       - Undefined Weak Reference
    _init_alloc                               - Undefined Weak Reference
    _init_user_alloc                          - Undefined Weak Reference
    _initio                                   - Undefined Weak Reference
    _rand_init                                - Undefined Weak Reference
    _signal_finish                            - Undefined Weak Reference
    _signal_init                              - Undefined Weak Reference
    _terminate_alloc                          - Undefined Weak Reference
    _terminate_user_alloc                     - Undefined Weak Reference
    _terminateio                              - Undefined Weak Reference
    __Vectors_Size                           0x000000ec   Number         0  startup_stm32f10x_md.o ABSOLUTE
    __Vectors                                0x08000000   Data           4  startup_stm32f10x_md.o(RESET)
    __Vectors_End                            0x080000ec   Data           0  startup_stm32f10x_md.o(RESET)
    __main                                   0x080000ed   Thumb Code     8  __main.o(!!!main)
    __scatterload                            0x080000f5   Thumb Code     0  __scatter.o(!!!scatter)
    __scatterload_rt2                        0x080000f5   Thumb Code    44  __scatter.o(!!!scatter)
    __scatterload_rt2_thumb_only             0x080000f5   Thumb Code     0  __scatter.o(!!!scatter)
    __scatterload_null                       0x08000103   Thumb Code     0  __scatter.o(!!!scatter)
    __scatterload_copy                       0x08000129   Thumb Code    26  __scatter_copy.o(!!handler_copy)
    __scatterload_zeroinit                   0x08000145   Thumb Code    28  __scatter_zi.o(!!handler_zi)
    __rt_lib_init                            0x08000161   Thumb Code     0  libinit.o(.ARM.Collect$$libinit$$00000000)
    __rt_lib_init_alloca_1                   0x08000163   Thumb Code     0  libinit2.o(.ARM.Collect$$libinit$$0000002E)
    __rt_lib_init_argv_1                     0x08000163   Thumb Code     0  libinit2.o(.ARM.Collect$$libinit$$0000002C)
    __rt_lib_init_atexit_1                   0x08000163   Thumb Code     0  libinit2.o(.ARM.Collect$$libinit$$0000001B)
    __rt_lib_init_clock_1                    0x08000163   Thumb Code     0  libinit2.o(.ARM.Collect$$libinit$$00000021)
    __rt_lib_init_cpp_1                      0x08000163   Thumb Code     0  libinit2.o(.ARM.Collect$$libinit$$00000032)
    __rt_lib_init_exceptions_1               0x08000163   Thumb Code     0  libinit2.o(.ARM.Collect$$libinit$$00000030)
    __rt_lib_init_fp_1                       0x08000163   Thumb Code     0  libinit2.o(.ARM.Collect$$libinit$$00000002)
    __rt_lib_init_fp_trap_1                  0x08000163   Thumb Code     0  libinit2.o(.ARM.Collect$$libinit$$0000001F)
    __rt_lib_init_getenv_1                   0x08000163   Thumb Code     0  libinit2.o(.ARM.Collect$$libinit$$00000023)
    __rt_lib_init_heap_1                     0x08000163   Thumb Code     0  libinit2.o(.ARM.Collect$$libinit$$0000000A)
    __rt_lib_init_lc_collate_1               0x08000163   Thumb Code     0  libinit2.o(.ARM.Collect$$libinit$$00000011)
    __rt_lib_init_lc_ctype_1                 0x08000163   Thumb Code     0  libinit2.o(.ARM.Collect$$libinit$$00000013)
    __rt_lib_init_lc_monetary_1              0x08000163   Thumb Code     0  libinit2.o(.ARM.Collect$$libinit$$00000015)
    __rt_lib_init_lc_numeric_1               0x08000163   Thumb Code     0  libinit2.o(.ARM.Collect$$libinit$$00000017)
    __rt_lib_init_lc_time_1                  0x08000163   Thumb Code     0  libinit2.o(.ARM.Collect$$libinit$$00000019)
    __rt_lib_init_preinit_1                  0x08000163   Thumb Code     0  libinit2.o(.ARM.Collect$$libinit$$00000004)
    __rt_lib_init_rand_1                     0x08000163   Thumb Code     0  libinit2.o(.ARM.Collect$$libinit$$0000000E)
    __rt_lib_init_return                     0x08000163   Thumb Code     0  libinit2.o(.ARM.Collect$$libinit$$00000033)
    __rt_lib_init_signal_1                   0x08000163   Thumb Code     0  libinit2.o(.ARM.Collect$$libinit$$0000001D)
    __rt_lib_init_stdio_1                    0x08000163   Thumb Code     0  libinit2.o(.ARM.Collect$$libinit$$00000025)
    __rt_lib_init_user_alloc_1               0x08000163   Thumb Code     0  libinit2.o(.ARM.Collect$$libinit$$0000000C)
    __rt_lib_shutdown                        0x08000165   Thumb Code     0  libshutdown.o(.ARM.Collect$$libshutdown$$00000000)
    __rt_lib_shutdown_cpp_1                  0x08000167   Thumb Code     0  libshutdown2.o(.ARM.Collect$$libshutdown$$00000002)
    __rt_lib_shutdown_fp_trap_1              0x08000167   Thumb Code     0  libshutdown2.o(.ARM.Collect$$libshutdown$$00000007)
    __rt_lib_shutdown_heap_1                 0x08000167   Thumb Code     0  libshutdown2.o(.ARM.Collect$$libshutdown$$0000000F)
    __rt_lib_shutdown_return                 0x08000167   Thumb Code     0  libshutdown2.o(.ARM.Collect$$libshutdown$$00000010)
    __rt_lib_shutdown_signal_1               0x08000167   Thumb Code     0  libshutdown2.o(.ARM.Collect$$libshutdown$$0000000A)
    __rt_lib_shutdown_stdio_1                0x08000167   Thumb Code     0  libshutdown2.o(.ARM.Collect$$libshutdown$$00000004)
    __rt_lib_shutdown_user_alloc_1           0x08000167   Thumb Code     0  libshutdown2.o(.ARM.Collect$$libshutdown$$0000000C)
    __rt_entry                               0x08000169   Thumb Code     0  __rtentry.o(.ARM.Collect$$rtentry$$00000000)
    __rt_entry_presh_1                       0x08000169   Thumb Code     0  __rtentry2.o(.ARM.Collect$$rtentry$$00000002)
    __rt_entry_sh                            0x08000169   Thumb Code     0  __rtentry4.o(.ARM.Collect$$rtentry$$00000004)
    __rt_entry_li                            0x0800016f   Thumb Code     0  __rtentry2.o(.ARM.Collect$$rtentry$$0000000A)
    __rt_entry_postsh_1                      0x0800016f   Thumb Code     0  __rtentry2.o(.ARM.Collect$$rtentry$$00000009)
    __rt_entry_main                          0x08000173   Thumb Code     0  __rtentry2.o(.ARM.Collect$$rtentry$$0000000D)
    __rt_entry_postli_1                      0x08000173   Thumb Code     0  __rtentry2.o(.ARM.Collect$$rtentry$$0000000C)
    __rt_exit                                0x0800017b   Thumb Code     0  rtexit.o(.ARM.Collect$$rtexit$$00000000)
    __rt_exit_ls                             0x0800017d   Thumb Code     0  rtexit2.o(.ARM.Collect$$rtexit$$00000003)
    __rt_exit_prels_1                        0x0800017d   Thumb Code     0  rtexit2.o(.ARM.Collect$$rtexit$$00000002)
    __rt_exit_exit                           0x08000181   Thumb Code     0  rtexit2.o(.ARM.Collect$$rtexit$$00000004)
    Reset_Handler                            0x08000189   Thumb Code     8  startup_stm32f10x_md.o(.text)
    NMI_Handler                              0x08000191   Thumb Code     2  startup_stm32f10x_md.o(.text)
    HardFault_Handler                        0x08000193   Thumb Code     2  startup_stm32f10x_md.o(.text)
    MemManage_Handler                        0x08000195   Thumb Code     2  startup_stm32f10x_md.o(.text)
    BusFault_Handler                         0x08000197   Thumb Code     2  startup_stm32f10x_md.o(.text)
    UsageFault_Handler                       0x08000199   Thumb Code     2  startup_stm32f10x_md.o(.text)
    DebugMon_Handler                         0x0800019d   Thumb Code     2  startup_stm32f10x_md.o(.text)
    ADC1_2_IRQHandler                        0x080001a3   Thumb Code     0  startup_stm32f10x_md.o(.text)
    CAN1_RX1_IRQHandler                      0x080001a3   Thumb Code     0  startup_stm32f10x_md.o(.text)
    CAN1_SCE_IRQHandler                      0x080001a3   Thumb Code     0  startup_stm32f10x_md.o(.text)
    DMA1_Channel1_IRQHandler                 0x080001a3   Thumb Code     0  startup_stm32f10x_md.o(.text)
    DMA1_Channel2_IRQHandler                 0x080001a3   Thumb Code     0  startup_stm32f10x_md.o(.text)
    DMA1_Channel3_IRQHandler                 0x080001a3   Thumb Code     0  startup_stm32f10x_md.o(.text)
    DMA1_Channel4_IRQHandler                 0x080001a3   Thumb Code     0  startup_stm32f10x_md.o(.text)
    DMA1_Channel5_IRQHandler                 0x080001a3   Thumb Code     0  startup_stm32f10x_md.o(.text)
    DMA1_Channel6_IRQHandler                 0x080001a3   Thumb Code     0  startup_stm32f10x_md.o(.text)
    DMA1_Channel7_IRQHandler                 0x080001a3   Thumb Code     0  startup_stm32f10x_md.o(.text)
    EXTI0_IRQHandler                         0x080001a3   Thumb Code     0  startup_stm32f10x_md.o(.text)
    EXTI15_10_IRQHandler                     0x080001a3   Thumb Code     0  startup_stm32f10x_md.o(.text)
    EXTI1_IRQHandler                         0x080001a3   Thumb Code     0  startup_stm32f10x_md.o(.text)
    EXTI2_IRQHandler                         0x080001a3   Thumb Code     0  startup_stm32f10x_md.o(.text)
    EXTI3_IRQHandler                         0x080001a3   Thumb Code     0  startup_stm32f10x_md.o(.text)
    EXTI4_IRQHandler                         0x080001a3   Thumb Code     0  startup_stm32f10x_md.o(.text)
    EXTI9_5_IRQHandler                       0x080001a3   Thumb Code     0  startup_stm32f10x_md.o(.text)
    FLASH_IRQHandler                         0x080001a3   Thumb Code     0  startup_stm32f10x_md.o(.text)
    I2C1_ER_IRQHandler                       0x080001a3   Thumb Code     0  startup_stm32f10x_md.o(.text)
    I2C1_EV_IRQHandler                       0x080001a3   Thumb Code     0  startup_stm32f10x_md.o(.text)
    I2C2_ER_IRQHandler                       0x080001a3   Thumb Code     0  startup_stm32f10x_md.o(.text)
    I2C2_EV_IRQHandler                       0x080001a3   Thumb Code     0  startup_stm32f10x_md.o(.text)
    PVD_IRQHandler                           0x080001a3   Thumb Code     0  startup_stm32f10x_md.o(.text)
    RCC_IRQHandler                           0x080001a3   Thumb Code     0  startup_stm32f10x_md.o(.text)
    RTCAlarm_IRQHandler                      0x080001a3   Thumb Code     0  startup_stm32f10x_md.o(.text)
    RTC_IRQHandler                           0x080001a3   Thumb Code     0  startup_stm32f10x_md.o(.text)
    SPI1_IRQHandler                          0x080001a3   Thumb Code     0  startup_stm32f10x_md.o(.text)
    SPI2_IRQHandler                          0x080001a3   Thumb Code     0  startup_stm32f10x_md.o(.text)
    TAMPER_IRQHandler                        0x080001a3   Thumb Code     0  startup_stm32f10x_md.o(.text)
    TIM1_BRK_IRQHandler                      0x080001a3   Thumb Code     0  startup_stm32f10x_md.o(.text)
    TIM1_CC_IRQHandler                       0x080001a3   Thumb Code     0  startup_stm32f10x_md.o(.text)
    TIM1_TRG_COM_IRQHandler                  0x080001a3   Thumb Code     0  startup_stm32f10x_md.o(.text)
    TIM1_UP_IRQHandler                       0x080001a3   Thumb Code     0  startup_stm32f10x_md.o(.text)
    TIM2_IRQHandler                          0x080001a3   Thumb Code     0  startup_stm32f10x_md.o(.text)
    TIM3_IRQHandler                          0x080001a3   Thumb Code     0  startup_stm32f10x_md.o(.text)
    TIM4_IRQHandler                          0x080001a3   Thumb Code     0  startup_stm32f10x_md.o(.text)
    USART1_IRQHandler                        0x080001a3   Thumb Code     0  startup_stm32f10x_md.o(.text)
    USART2_IRQHandler                        0x080001a3   Thumb Code     0  startup_stm32f10x_md.o(.text)
    USART3_IRQHandler                        0x080001a3   Thumb Code     0  startup_stm32f10x_md.o(.text)
    USBWakeUp_IRQHandler                     0x080001a3   Thumb Code     0  startup_stm32f10x_md.o(.text)
    USB_HP_CAN1_TX_IRQHandler                0x080001a3   Thumb Code     0  startup_stm32f10x_md.o(.text)
    USB_LP_CAN1_RX0_IRQHandler               0x080001a3   Thumb Code     0  startup_stm32f10x_md.o(.text)
    WWDG_IRQHandler                          0x080001a3   Thumb Code     0  startup_stm32f10x_md.o(.text)
    __user_initial_stackheap                 0x080001a5   Thumb Code     0  startup_stm32f10x_md.o(.text)
    __aeabi_memset4                          0x080001c9   Thumb Code    16  aeabi_memset4.o(.text)
    __aeabi_memset8                          0x080001c9   Thumb Code     0  aeabi_memset4.o(.text)
    __use_two_region_memory                  0x080001d9   Thumb Code     2  heapauxi.o(.text)
    __rt_heap_escrow$2region                 0x080001db   Thumb Code     2  heapauxi.o(.text)
    __rt_heap_expand$2region                 0x080001dd   Thumb Code     2  heapauxi.o(.text)
    __aeabi_memclr4                          0x080001df   Thumb Code     0  rt_memclr_w.o(.text)
    __aeabi_memclr8                          0x080001df   Thumb Code     0  rt_memclr_w.o(.text)
    __rt_memclr_w                            0x080001df   Thumb Code    78  rt_memclr_w.o(.text)
    _memset_w                                0x080001e3   Thumb Code     0  rt_memclr_w.o(.text)
    __user_setup_stackheap                   0x0800022d   Thumb Code    74  sys_stackheap_outer.o(.text)
    exit                                     0x08000277   Thumb Code    18  exit.o(.text)
    __user_libspace                          0x08000289   Thumb Code     8  libspace.o(.text)
    __user_perproc_libspace                  0x08000289   Thumb Code     0  libspace.o(.text)
    __user_perthread_libspace                0x08000289   Thumb Code     0  libspace.o(.text)
    _sys_exit                                0x08000291   Thumb Code     8  sys_exit.o(.text)
    __I$use$semihosting                      0x0800029d   Thumb Code     0  use_no_semi.o(.text)
    __use_no_semihosting_swi                 0x0800029d   Thumb Code     2  use_no_semi.o(.text)
    __semihosting_library_function           0x0800029f   Thumb Code     0  indicate_semi.o(.text)
    GPIO_Init                                0x080002a1   Thumb Code   400  stm32f10x_gpio.o(.text.GPIO_Init)
    GPIO_ReadInputDataBit                    0x08000431   Thumb Code    54  stm32f10x_gpio.o(.text.GPIO_ReadInputDataBit)
    GPIO_ResetBits                           0x08000469   Thumb Code    22  stm32f10x_gpio.o(.text.GPIO_ResetBits)
    GPIO_SetBits                             0x08000481   Thumb Code    22  stm32f10x_gpio.o(.text.GPIO_SetBits)
    PendSV_Handler                           0x080004a1   Thumb Code    68  port.o(.text.PendSV_Handler)
    RCC_APB2PeriphClockCmd                   0x080004e5   Thumb Code    62  stm32f10x_rcc.o(.text.RCC_APB2PeriphClockCmd)
    SVC_Handler                              0x08000531   Thumb Code    36  port.o(.text.SVC_Handler)
    SysTick_Handler                          0x08000681   Thumb Code    62  port.o(.text.SysTick_Handler)
    SystemInit                               0x080006c1   Thumb Code   102  system_stm32f10x.o(.text.SystemInit)
    digital_clock_get_state                  0x08000729   Thumb Code    24  controller.o(.text.digital_clock_get_state)
    digital_clock_get_time                   0x08000741   Thumb Code    34  controller.o(.text.digital_clock_get_time)
    digital_clock_init                       0x08000765   Thumb Code    44  controller.o(.text.digital_clock_init)
    digital_clock_set_state                  0x08000791   Thumb Code    26  controller.o(.text.digital_clock_set_state)
    digital_clock_update                     0x080007ad   Thumb Code   588  controller.o(.text.digital_clock_update)
    disp_init                                0x080009f9   Thumb Code    14  disp.o(.text.disp_init)
    disp_set_blinkcounter                    0x08000a09   Thumb Code    26  disp.o(.text.disp_set_blinkcounter)
    disp_update                              0x08000a25   Thumb Code   664  disp.o(.text.disp_update)
    eTaskConfirmSleepModeStatus              0x08000cbd   Thumb Code   108  tasks.o(.text.eTaskConfirmSleepModeStatus)
    gpio_get_portpinstate                    0x08000d29   Thumb Code    42  gpio.o(.text.gpio_get_portpinstate)
    gpio_init_portpin                        0x08000d55   Thumb Code    84  gpio.o(.text.gpio_init_portpin)
    gpio_set_portpinstate                    0x08000da9   Thumb Code    70  gpio.o(.text.gpio_set_portpinstate)
    main                                     0x08000df1   Thumb Code   164  digital_clock.o(.text.main)
    pb_get_pressedtime                       0x08000e95   Thumb Code    48  push_button.o(.text.pb_get_pressedtime)
    pb_get_state                             0x08000ec5   Thumb Code    46  push_button.o(.text.pb_get_state)
    pb_init                                  0x08000ef5   Thumb Code   242  push_button.o(.text.pb_init)
    pb_set_state                             0x08000fe9   Thumb Code    42  push_button.o(.text.pb_set_state)
    pb_update                                0x08001015   Thumb Code   944  push_button.o(.text.pb_update)
    peripheral_clock_init                    0x080013c5   Thumb Code    34  peripheral_clock.o(.text.peripheral_clock_init)
    pvPortMalloc                             0x08001bb1   Thumb Code   506  heap_4.o(.text.pvPortMalloc)
    pxPortInitialiseStack                    0x08001dad   Thumb Code    80  port.o(.text.pxPortInitialiseStack)
    ssd_dot_get_state                        0x08001dfd   Thumb Code    30  ssd.o(.text.ssd_dot_get_state)
    ssd_dot_set_state                        0x08001e1d   Thumb Code    26  ssd.o(.text.ssd_dot_set_state)
    ssd_get_symbol                           0x08001e39   Thumb Code    40  ssd.o(.text.ssd_get_symbol)
    ssd_init                                 0x08001e61   Thumb Code   248  ssd.o(.text.ssd_init)
    ssd_set_data                             0x08001f59   Thumb Code   104  ssd.o(.text.ssd_set_data)
    ssd_set_state                            0x08001fc1   Thumb Code   152  ssd.o(.text.ssd_set_state)
    ssd_set_symbol                           0x08002059   Thumb Code    38  ssd.o(.text.ssd_set_symbol)
    ssd_update                               0x08002081   Thumb Code   152  ssd.o(.text.ssd_update)
    uxListRemove                             0x08002119   Thumb Code    72  list.o(.text.uxListRemove)
    vApplicationIdleHook                     0x08002161   Thumb Code     4  digital_clock.o(.text.vApplicationIdleHook)
    vListInitialise                          0x08002165   Thumb Code    46  list.o(.text.vListInitialise)
    vListInitialiseItem                      0x08002195   Thumb Code    14  list.o(.text.vListInitialiseItem)
    vListInsert                              0x080021a5   Thumb Code   108  list.o(.text.vListInsert)
    vListInsertEnd                           0x08002211   Thumb Code    58  list.o(.text.vListInsertEnd)
    vPortEnterCritical                       0x0800224d   Thumb Code    88  port.o(.text.vPortEnterCritical)
    vPortExitCritical                        0x080022a5   Thumb Code    78  port.o(.text.vPortExitCritical)
    vPortFree                                0x080022f5   Thumb Code   212  heap_4.o(.text.vPortFree)
    vPortSetupTimerInterrupt                 0x080023c9   Thumb Code   138  port.o(.text.vPortSetupTimerInterrupt)
    vPortSuppressTicksAndSleep               0x08002455   Thumb Code   528  port.o(.text.vPortSuppressTicksAndSleep)
    vTaskDelay                               0x08002665   Thumb Code   116  tasks.o(.text.vTaskDelay)
    vTaskStartScheduler                      0x080026d9   Thumb Code   174  tasks.o(.text.vTaskStartScheduler)
    vTaskStepTick                            0x08002789   Thumb Code    76  tasks.o(.text.vTaskStepTick)
    vTaskSuspendAll                          0x080027d5   Thumb Code    16  tasks.o(.text.vTaskSuspendAll)
    vTaskSwitchContext                       0x080027e5   Thumb Code   194  tasks.o(.text.vTaskSwitchContext)
    xPortStartScheduler                      0x080028a9   Thumb Code   230  port.o(.text.xPortStartScheduler)
    xTaskCreate                              0x08002991   Thumb Code   168  tasks.o(.text.xTaskCreate)
    xTaskIncrementTick                       0x08002a39   Thumb Code   414  tasks.o(.text.xTaskIncrementTick)
    xTaskResumeAll                           0x08002bd9   Thumb Code   396  tasks.o(.text.xTaskResumeAll)
    ssd_data                                 0x08002d64   Data          11  ssd.o(.rodata.ssd_data)
    Region$$Table$$Base                      0x08002d74   Number         0  anon$$obj.o(Region$$Table)
    Region$$Table$$Limit                     0x08002d94   Number         0  anon$$obj.o(Region$$Table)
    SystemCoreClock                          0x20000000   Data           4  system_stm32f10x.o(.data.SystemCoreClock)
    __libspace_start                         0x20000008   Data          96  libspace.o(.bss)
    __temporary_stack_top$libspace           0x20000068   Data           0  libspace.o(.bss)
    pxCurrentTCB                             0x20000090   Data           4  tasks.o(.bss.pxCurrentTCB)
    ssd_symbol                               0x20000105   Data           4  ssd.o(.bss.ssd_symbol)



==============================================================================

Memory Map of the image

  Image Entry point : 0x08000189

  Load Region LR_1 (Base: 0x08000000, Size: 0x00002d9c, Max: 0xffffffff, ABSOLUTE)

    Execution Region ER_RO (Exec base: 0x08000000, Load base: 0x08000000, Size: 0x00002d94, Max: 0xffffffff, ABSOLUTE)

    Exec Addr    Load Addr    Size         Type   Attr      Idx    E Section Name        Object

    0x08000000   0x08000000   0x000000ec   Data   RO          252    RESET               startup_stm32f10x_md.o
    0x080000ec   0x080000ec   0x00000008   Code   RO          624  * !!!main             c_w.l(__main.o)
    0x080000f4   0x080000f4   0x00000034   Code   RO          791    !!!scatter          c_w.l(__scatter.o)
    0x08000128   0x08000128   0x0000001a   Code   RO          793    !!handler_copy      c_w.l(__scatter_copy.o)
    0x08000142   0x08000142   0x00000002   PAD
    0x08000144   0x08000144   0x0000001c   Code   RO          795    !!handler_zi        c_w.l(__scatter_zi.o)
    0x08000160   0x08000160   0x00000002   Code   RO          655    .ARM.Collect$$libinit$$00000000  c_w.l(libinit.o)
    0x08000162   0x08000162   0x00000000   Code   RO          662    .ARM.Collect$$libinit$$00000002  c_w.l(libinit2.o)
    0x08000162   0x08000162   0x00000000   Code   RO          664    .ARM.Collect$$libinit$$00000004  c_w.l(libinit2.o)
    0x08000162   0x08000162   0x00000000   Code   RO          667    .ARM.Collect$$libinit$$0000000A  c_w.l(libinit2.o)
    0x08000162   0x08000162   0x00000000   Code   RO          669    .ARM.Collect$$libinit$$0000000C  c_w.l(libinit2.o)
    0x08000162   0x08000162   0x00000000   Code   RO          671    .ARM.Collect$$libinit$$0000000E  c_w.l(libinit2.o)
    0x08000162   0x08000162   0x00000000   Code   RO          674    .ARM.Collect$$libinit$$00000011  c_w.l(libinit2.o)
    0x08000162   0x08000162   0x00000000   Code   RO          676    .ARM.Collect$$libinit$$00000013  c_w.l(libinit2.o)
    0x08000162   0x08000162   0x00000000   Code   RO          678    .ARM.Collect$$libinit$$00000015  c_w.l(libinit2.o)
    0x08000162   0x08000162   0x00000000   Code   RO          680    .ARM.Collect$$libinit$$00000017  c_w.l(libinit2.o)
    0x08000162   0x08000162   0x00000000   Code   RO          682    .ARM.Collect$$libinit$$00000019  c_w.l(libinit2.o)
    0x08000162   0x08000162   0x00000000   Code   RO          684    .ARM.Collect$$libinit$$0000001B  c_w.l(libinit2.o)
    0x08000162   0x08000162   0x00000000   Code   RO          686    .ARM.Collect$$libinit$$0000001D  c_w.l(libinit2.o)
    0x08000162   0x08000162   0x00000000   Code   RO          688    .ARM.Collect$$libinit$$0000001F  c_w.l(libinit2.o)
    0x08000162   0x08000162   0x00000000   Code   RO          690    .ARM.Collect$$libinit$$00000021  c_w.l(libinit2.o)
    0x08000162   0x08000162   0x00000000   Code   RO          692    .ARM.Collect$$libinit$$00000023  c_w.l(libinit2.o)
    0x08000162   0x08000162   0x00000000   Code   RO          694    .ARM.Collect$$libinit$$00000025  c_w.l(libinit2.o)
    0x08000162   0x08000162   0x00000000   Code   RO          698    .ARM.Collect$$libinit$$0000002C  c_w.l(libinit2.o)
    0x08000162   0x08000162   0x00000000   Code   RO          700    .ARM.Collect$$libinit$$0000002E  c_w.l(libinit2.o)
    0x08000162   0x08000162   0x00000000   Code   RO          702    .ARM.Collect$$libinit$$00000030  c_w.l(libinit2.o)
    0x08000162   0x08000162   0x00000000   Code   RO          704    .ARM.Collect$$libinit$$00000032  c_w.l(libinit2.o)
    0x08000162   0x08000162   0x00000002   Code   RO          705    .ARM.Collect$$libinit$$00000033  c_w.l(libinit2.o)
    0x08000164   0x08000164   0x00000002   Code   RO          727    .ARM.Collect$$libshutdown$$00000000  c_w.l(libshutdown.o)
    0x08000166   0x08000166   0x00000000   Code   RO          742    .ARM.Collect$$libshutdown$$00000002  c_w.l(libshutdown2.o)
    0x08000166   0x08000166   0x00000000   Code   RO          744    .ARM.Collect$$libshutdown$$00000004  c_w.l(libshutdown2.o)
    0x08000166   0x08000166   0x00000000   Code   RO          747    .ARM.Collect$$libshutdown$$00000007  c_w.l(libshutdown2.o)
    0x08000166   0x08000166   0x00000000   Code   RO          750    .ARM.Collect$$libshutdown$$0000000A  c_w.l(libshutdown2.o)
    0x08000166   0x08000166   0x00000000   Code   RO          752    .ARM.Collect$$libshutdown$$0000000C  c_w.l(libshutdown2.o)
    0x08000166   0x08000166   0x00000000   Code   RO          755    .ARM.Collect$$libshutdown$$0000000F  c_w.l(libshutdown2.o)
    0x08000166   0x08000166   0x00000002   Code   RO          756    .ARM.Collect$$libshutdown$$00000010  c_w.l(libshutdown2.o)
    0x08000168   0x08000168   0x00000000   Code   RO          626    .ARM.Collect$$rtentry$$00000000  c_w.l(__rtentry.o)
    0x08000168   0x08000168   0x00000000   Code   RO          632    .ARM.Collect$$rtentry$$00000002  c_w.l(__rtentry2.o)
    0x08000168   0x08000168   0x00000006   Code   RO          644    .ARM.Collect$$rtentry$$00000004  c_w.l(__rtentry4.o)
    0x0800016e   0x0800016e   0x00000000   Code   RO          634    .ARM.Collect$$rtentry$$00000009  c_w.l(__rtentry2.o)
    0x0800016e   0x0800016e   0x00000004   Code   RO          635    .ARM.Collect$$rtentry$$0000000A  c_w.l(__rtentry2.o)
    0x08000172   0x08000172   0x00000000   Code   RO          637    .ARM.Collect$$rtentry$$0000000C  c_w.l(__rtentry2.o)
    0x08000172   0x08000172   0x00000008   Code   RO          638    .ARM.Collect$$rtentry$$0000000D  c_w.l(__rtentry2.o)
    0x0800017a   0x0800017a   0x00000002   Code   RO          659    .ARM.Collect$$rtexit$$00000000  c_w.l(rtexit.o)
    0x0800017c   0x0800017c   0x00000000   Code   RO          707    .ARM.Collect$$rtexit$$00000002  c_w.l(rtexit2.o)
    0x0800017c   0x0800017c   0x00000004   Code   RO          708    .ARM.Collect$$rtexit$$00000003  c_w.l(rtexit2.o)
    0x08000180   0x08000180   0x00000006   Code   RO          709    .ARM.Collect$$rtexit$$00000004  c_w.l(rtexit2.o)
    0x08000186   0x08000186   0x00000002   PAD
    0x08000188   0x08000188   0x00000040   Code   RO          253  * .text               startup_stm32f10x_md.o
    0x080001c8   0x080001c8   0x00000010   Code   RO          620    .text               c_w.l(aeabi_memset4.o)
    0x080001d8   0x080001d8   0x00000006   Code   RO          622    .text               c_w.l(heapauxi.o)
    0x080001de   0x080001de   0x0000004e   Code   RO          629    .text               c_w.l(rt_memclr_w.o)
    0x0800022c   0x0800022c   0x0000004a   Code   RO          646    .text               c_w.l(sys_stackheap_outer.o)
    0x08000276   0x08000276   0x00000012   Code   RO          648    .text               c_w.l(exit.o)
    0x08000288   0x08000288   0x00000008   Code   RO          656    .text               c_w.l(libspace.o)
    0x08000290   0x08000290   0x0000000c   Code   RO          717    .text               c_w.l(sys_exit.o)
    0x0800029c   0x0800029c   0x00000002   Code   RO          732    .text               c_w.l(use_no_semi.o)
    0x0800029e   0x0800029e   0x00000000   Code   RO          734    .text               c_w.l(indicate_semi.o)
    0x0800029e   0x0800029e   0x00000002   PAD
    0x080002a0   0x080002a0   0x00000190   Code   RO          139    .text.GPIO_Init     stm32f10x_gpio.o
    0x08000430   0x08000430   0x00000036   Code   RO          143    .text.GPIO_ReadInputDataBit  stm32f10x_gpio.o
    0x08000466   0x08000466   0x00000002   PAD
    0x08000468   0x08000468   0x00000016   Code   RO          153    .text.GPIO_ResetBits  stm32f10x_gpio.o
    0x0800047e   0x0800047e   0x00000002   PAD
    0x08000480   0x08000480   0x00000016   Code   RO          151    .text.GPIO_SetBits  stm32f10x_gpio.o
    0x08000496   0x08000496   0x0000000a   PAD
    0x080004a0   0x080004a0   0x00000044   Code   RO          313    .text.PendSV_Handler  port.o
    0x080004e4   0x080004e4   0x0000003e   Code   RO          222    .text.RCC_APB2PeriphClockCmd  stm32f10x_rcc.o
    0x08000522   0x08000522   0x0000000e   PAD
    0x08000530   0x08000530   0x00000024   Code   RO          299    .text.SVC_Handler   port.o
    0x08000554   0x08000554   0x00000008   Code   RO          262    .text.SetSysClock   system_stm32f10x.o
    0x0800055c   0x0800055c   0x00000122   Code   RO          266    .text.SetSysClockTo72  system_stm32f10x.o
    0x0800067e   0x0800067e   0x00000002   PAD
    0x08000680   0x08000680   0x0000003e   Code   RO          315    .text.SysTick_Handler  port.o
    0x080006be   0x080006be   0x00000002   PAD
    0x080006c0   0x080006c0   0x00000066   Code   RO          260    .text.SystemInit    system_stm32f10x.o
    0x08000726   0x08000726   0x00000002   PAD
    0x08000728   0x08000728   0x00000018   Code   RO           83    .text.digital_clock_get_state  controller.o
    0x08000740   0x08000740   0x00000022   Code   RO           85    .text.digital_clock_get_time  controller.o
    0x08000762   0x08000762   0x00000002   PAD
    0x08000764   0x08000764   0x0000002c   Code   RO           77    .text.digital_clock_init  controller.o
    0x08000790   0x08000790   0x0000001a   Code   RO           79    .text.digital_clock_set_state  controller.o
    0x080007aa   0x080007aa   0x00000002   PAD
    0x080007ac   0x080007ac   0x0000024c   Code   RO           81    .text.digital_clock_update  controller.o
    0x080009f8   0x080009f8   0x0000000e   Code   RO           63    .text.disp_init     disp.o
    0x08000a06   0x08000a06   0x00000002   PAD
    0x08000a08   0x08000a08   0x0000001a   Code   RO           67    .text.disp_set_blinkcounter  disp.o
    0x08000a22   0x08000a22   0x00000002   PAD
    0x08000a24   0x08000a24   0x00000298   Code   RO           65    .text.disp_update   disp.o
    0x08000cbc   0x08000cbc   0x0000006c   Code   RO          542    .text.eTaskConfirmSleepModeStatus  tasks.o
    0x08000d28   0x08000d28   0x0000002a   Code   RO          101    .text.gpio_get_portpinstate  gpio.o
    0x08000d52   0x08000d52   0x00000002   PAD
    0x08000d54   0x08000d54   0x00000054   Code   RO           97    .text.gpio_init_portpin  gpio.o
    0x08000da8   0x08000da8   0x00000046   Code   RO           99    .text.gpio_set_portpinstate  gpio.o
    0x08000dee   0x08000dee   0x00000002   PAD
    0x08000df0   0x08000df0   0x000000a4   Code   RO            2    .text.main          digital_clock.o
    0x08000e94   0x08000e94   0x00000030   Code   RO           22    .text.pb_get_pressedtime  push_button.o
    0x08000ec4   0x08000ec4   0x0000002e   Code   RO           20    .text.pb_get_state  push_button.o
    0x08000ef2   0x08000ef2   0x00000002   PAD
    0x08000ef4   0x08000ef4   0x000000f2   Code   RO           14    .text.pb_init       push_button.o
    0x08000fe6   0x08000fe6   0x00000002   PAD
    0x08000fe8   0x08000fe8   0x0000002a   Code   RO           16    .text.pb_set_state  push_button.o
    0x08001012   0x08001012   0x00000002   PAD
    0x08001014   0x08001014   0x000003b0   Code   RO           18    .text.pb_update     push_button.o
    0x080013c4   0x080013c4   0x00000022   Code   RO          110    .text.peripheral_clock_init  peripheral_clock.o
    0x080013e6   0x080013e6   0x00000002   PAD
    0x080013e8   0x080013e8   0x00000104   Code   RO          466    .text.prvAddCurrentTaskToDelayedList  tasks.o
    0x080014ec   0x080014ec   0x00000122   Code   RO          454    .text.prvAddNewTaskToReadyList  tasks.o
    0x0800160e   0x0800160e   0x00000002   PAD
    0x08001610   0x08001610   0x0000005e   Code   RO          582    .text.prvCheckTasksWaitingTermination  tasks.o
    0x0800166e   0x0800166e   0x00000002   PAD
    0x08001670   0x08001670   0x00000018   Code   RO          458    .text.prvDeleteTCB  tasks.o
    0x08001688   0x08001688   0x00000080   Code   RO          584    .text.prvGetExpectedIdleTime  tasks.o
    0x08001708   0x08001708   0x000000be   Code   RO          336    .text.prvHeapInit   heap_4.o
    0x080017c6   0x080017c6   0x00000002   PAD
    0x080017c8   0x080017c8   0x0000009e   Code   RO          492    .text.prvIdleTask   tasks.o
    0x08001866   0x08001866   0x00000002   PAD
    0x08001868   0x08001868   0x00000138   Code   RO          452    .text.prvInitialiseNewTask  tasks.o
    0x080019a0   0x080019a0   0x0000008e   Code   RO          580    .text.prvInitialiseTaskLists  tasks.o
    0x08001a2e   0x08001a2e   0x00000002   PAD
    0x08001a30   0x08001a30   0x000000c6   Code   RO          338    .text.prvInsertBlockIntoFreeList  heap_4.o
    0x08001af6   0x08001af6   0x00000002   PAD
    0x08001af8   0x08001af8   0x00000020   Code   RO          305    .text.prvPortStartFirstTask  port.o
    0x08001b18   0x08001b18   0x00000048   Code   RO          460    .text.prvResetNextTaskUnblockTime  tasks.o
    0x08001b60   0x08001b60   0x00000050   Code   RO          297    .text.prvTaskExitError  port.o
    0x08001bb0   0x08001bb0   0x000001fa   Code   RO          334    .text.pvPortMalloc  heap_4.o
    0x08001daa   0x08001daa   0x00000002   PAD
    0x08001dac   0x08001dac   0x00000050   Code   RO          295    .text.pxPortInitialiseStack  port.o
    0x08001dfc   0x08001dfc   0x0000001e   Code   RO           50    .text.ssd_dot_get_state  ssd.o
    0x08001e1a   0x08001e1a   0x00000002   PAD
    0x08001e1c   0x08001e1c   0x0000001a   Code   RO           42    .text.ssd_dot_set_state  ssd.o
    0x08001e36   0x08001e36   0x00000002   PAD
    0x08001e38   0x08001e38   0x00000028   Code   RO           48    .text.ssd_get_symbol  ssd.o
    0x08001e60   0x08001e60   0x000000f8   Code   RO           34    .text.ssd_init      ssd.o
    0x08001f58   0x08001f58   0x00000068   Code   RO           36    .text.ssd_set_data  ssd.o
    0x08001fc0   0x08001fc0   0x00000098   Code   RO           40    .text.ssd_set_state  ssd.o
    0x08002058   0x08002058   0x00000026   Code   RO           38    .text.ssd_set_symbol  ssd.o
    0x0800207e   0x0800207e   0x00000002   PAD
    0x08002080   0x08002080   0x00000098   Code   RO           44    .text.ssd_update    ssd.o
    0x08002118   0x08002118   0x00000048   Code   RO          286    .text.uxListRemove  list.o
    0x08002160   0x08002160   0x00000004   Code   RO            4    .text.vApplicationIdleHook  digital_clock.o
    0x08002164   0x08002164   0x0000002e   Code   RO          278    .text.vListInitialise  list.o
    0x08002192   0x08002192   0x00000002   PAD
    0x08002194   0x08002194   0x0000000e   Code   RO          280    .text.vListInitialiseItem  list.o
    0x080021a2   0x080021a2   0x00000002   PAD
    0x080021a4   0x080021a4   0x0000006c   Code   RO          284    .text.vListInsert   list.o
    0x08002210   0x08002210   0x0000003a   Code   RO          282    .text.vListInsertEnd  list.o
    0x0800224a   0x0800224a   0x00000002   PAD
    0x0800224c   0x0800224c   0x00000058   Code   RO          309    .text.vPortEnterCritical  port.o
    0x080022a4   0x080022a4   0x0000004e   Code   RO          311    .text.vPortExitCritical  port.o
    0x080022f2   0x080022f2   0x00000002   PAD
    0x080022f4   0x080022f4   0x000000d4   Code   RO          340    .text.vPortFree     heap_4.o
    0x080023c8   0x080023c8   0x0000008a   Code   RO          303    .text.vPortSetupTimerInterrupt  port.o
    0x08002452   0x08002452   0x00000002   PAD
    0x08002454   0x08002454   0x00000210   Code   RO          317    .text.vPortSuppressTicksAndSleep  port.o
    0x08002664   0x08002664   0x00000074   Code   RO          470    .text.vTaskDelay    tasks.o
    0x080026d8   0x080026d8   0x000000ae   Code   RO          490    .text.vTaskStartScheduler  tasks.o
    0x08002786   0x08002786   0x00000002   PAD
    0x08002788   0x08002788   0x0000004c   Code   RO          516    .text.vTaskStepTick  tasks.o
    0x080027d4   0x080027d4   0x00000010   Code   RO          464    .text.vTaskSuspendAll  tasks.o
    0x080027e4   0x080027e4   0x000000c2   Code   RO          482    .text.vTaskSwitchContext  tasks.o
    0x080028a6   0x080028a6   0x00000002   PAD
    0x080028a8   0x080028a8   0x000000e6   Code   RO          301    .text.xPortStartScheduler  port.o
    0x0800298e   0x0800298e   0x00000002   PAD
    0x08002990   0x08002990   0x000000a8   Code   RO          450    .text.xTaskCreate   tasks.o
    0x08002a38   0x08002a38   0x0000019e   Code   RO          496    .text.xTaskIncrementTick  tasks.o
    0x08002bd6   0x08002bd6   0x00000002   PAD
    0x08002bd8   0x08002bd8   0x0000018c   Code   RO          468    .text.xTaskResumeAll  tasks.o
    0x08002d64   0x08002d64   0x0000000b   Data   RO           52    .rodata.ssd_data    ssd.o
    0x08002d6f   0x08002d6f   0x00000005   Data   RO          600    .rodata.str1.1      tasks.o
    0x08002d74   0x08002d74   0x00000020   Data   RO          790    Region$$Table       anon$$obj.o


    Execution Region ER_RW (Exec base: 0x20000000, Load base: 0x08002d94, Size: 0x00000008, Max: 0xffffffff, ABSOLUTE)

    Exec Addr    Load Addr    Size         Type   Attr      Idx    E Section Name        Object

    0x20000000   0x08002d94   0x00000004   Data   RW          268    .data.SystemCoreClock  system_stm32f10x.o
    0x20000004   0x08002d98   0x00000004   Data   RW          323    .data.uxCriticalNesting  port.o


    Execution Region ER_ZI (Exec base: 0x20000008, Load base: 0x08002d9c, Size: 0x000017c8, Max: 0xffffffff, ABSOLUTE)

    Exec Addr    Load Addr    Size         Type   Attr      Idx    E Section Name        Object

    0x20000008        -       0x00000060   Zero   RW          657    .bss                c_w.l(libspace.o)
    0x20000068        -       0x00000002   Zero   RW           88    .bss.digital_clock_counter_ms  controller.o
    0x2000006a        -       0x00000001   Zero   RW           89    .bss.digital_clock_state  controller.o
    0x2000006b        -       0x00000003   Zero   RW           87    .bss.digital_clock_time  controller.o
    0x2000006e        -       0x00000002   Zero   RW           69    .bss.disp_blink_counter_ms  disp.o
    0x20000070        -       0x0000001e   Zero   RW           26    .bss.pb_data        push_button.o
    0x2000008e   0x08002d9c   0x00000002   PAD
    0x20000090        -       0x00000004   Zero   RW          586    .bss.pxCurrentTCB   tasks.o
    0x20000094        -       0x00000004   Zero   RW          596    .bss.pxDelayedTaskList  tasks.o
    0x20000098        -       0x00000004   Zero   RW          350    .bss.pxEnd          heap_4.o
    0x2000009c        -       0x00000004   Zero   RW          597    .bss.pxOverflowDelayedTaskList  tasks.o
    0x200000a0        -       0x00000064   Zero   RW          587    .bss.pxReadyTasksLists  tasks.o
    0x20000104        -       0x00000001   Zero   RW           55    .bss.ssd_dot_state  ssd.o
    0x20000105        -       0x00000004   Zero   RW           54    .bss.ssd_symbol     ssd.o
    0x20000109        -       0x00000001   Zero   RW           53    .bss.ssd_update.current_ssd  ssd.o
    0x2000010a        -       0x00001000   Zero   RW          357    .bss.ucHeap         heap_4.o
    0x2000110a        -       0x00000001   Zero   RW          321    .bss.ucMaxSysCallPriority  port.o
    0x2000110b   0x08002d9c   0x00000001   PAD
    0x2000110c        -       0x00000004   Zero   RW          322    .bss.ulMaxPRIGROUPValue  port.o
    0x20001110        -       0x00000004   Zero   RW          326    .bss.ulStoppedTimerCompensation  port.o
    0x20001114        -       0x00000004   Zero   RW          325    .bss.ulTimerCountsForOneTick  port.o
    0x20001118        -       0x00000004   Zero   RW          592    .bss.uxCurrentNumberOfTasks  tasks.o
    0x2000111c        -       0x00000004   Zero   RW          591    .bss.uxDeletedTasksWaitingCleanUp  tasks.o
    0x20001120        -       0x00000004   Zero   RW          594    .bss.uxSchedulerSuspended  tasks.o
    0x20001124        -       0x00000004   Zero   RW          589    .bss.uxTaskNumber   tasks.o
    0x20001128        -       0x00000004   Zero   RW          588    .bss.uxTopReadyPriority  tasks.o
    0x2000112c        -       0x00000004   Zero   RW          351    .bss.xBlockAllocatedBit  heap_4.o
    0x20001130        -       0x00000014   Zero   RW          606    .bss.xDelayedTaskList1  tasks.o
    0x20001144        -       0x00000014   Zero   RW          607    .bss.xDelayedTaskList2  tasks.o
    0x20001158        -       0x00000004   Zero   RW          352    .bss.xFreeBytesRemaining  heap_4.o
    0x2000115c        -       0x00000004   Zero   RW          601    .bss.xIdleTaskHandle  tasks.o
    0x20001160        -       0x00000004   Zero   RW          324    .bss.xMaximumPossibleSuppressedTicks  port.o
    0x20001164        -       0x00000004   Zero   RW          354    .bss.xMinimumEverFreeBytesRemaining  heap_4.o
    0x20001168        -       0x00000004   Zero   RW          602    .bss.xNextTaskUnblockTime  tasks.o
    0x2000116c        -       0x00000004   Zero   RW          605    .bss.xNumOfOverflows  tasks.o
    0x20001170        -       0x00000004   Zero   RW          355    .bss.xNumberOfSuccessfulAllocations  heap_4.o
    0x20001174        -       0x00000004   Zero   RW          356    .bss.xNumberOfSuccessfulFrees  heap_4.o
    0x20001178        -       0x00000004   Zero   RW          604    .bss.xPendedTicks   tasks.o
    0x2000117c        -       0x00000014   Zero   RW          599    .bss.xPendingReadyList  tasks.o
    0x20001190        -       0x00000004   Zero   RW          593    .bss.xSchedulerRunning  tasks.o
    0x20001194        -       0x00000008   Zero   RW          353    .bss.xStart         heap_4.o
    0x2000119c        -       0x00000014   Zero   RW          598    .bss.xSuspendedTaskList  tasks.o
    0x200011b0        -       0x00000014   Zero   RW          590    .bss.xTasksWaitingTermination  tasks.o
    0x200011c4        -       0x00000004   Zero   RW          595    .bss.xTickCount     tasks.o
    0x200011c8        -       0x00000004   Zero   RW          603    .bss.xYieldPending  tasks.o
    0x200011cc   0x08002d9c   0x00000004   PAD
    0x200011d0        -       0x00000200   Zero   RW          251    HEAP                startup_stm32f10x_md.o
    0x200013d0        -       0x00000400   Zero   RW          250    STACK               startup_stm32f10x_md.o


==============================================================================

Image component sizes


      Code (inc. data)   RO Data    RW Data    ZI Data      Debug   Object Name

       716          0          0          0          6       2394   controller.o
       168          0          0          0          0        502   digital_clock.o
       704          0          0          0          2       2127   disp.o
       196          0          0          0          0       2102   gpio.o
      1106          0          0          0       4128       4574   heap_4.o
       298          0          0          0          0       2338   list.o
        34          0          0          0          0        660   peripheral_clock.o
      1420         12          0          4         17       4675   port.o
      1322          8          0          0         30       3109   push_button.o
       790          8         11          0          6       3431   ssd.o
        64         26        236          0       1536        832   startup_stm32f10x_md.o
       498          0          0          0          0       5741   stm32f10x_gpio.o
        62          0          0          0          0       7080   stm32f10x_rcc.o
       400          0          0          4          0       2871   system_stm32f10x.o
      3142          0          5          0        260      25395   tasks.o

    ----------------------------------------------------------------------
     11012         54        284          8       5992      67831   Object Totals
         0          0         32          0          0          0   (incl. Generated)
        92          0          0          0          7          0   (incl. Padding)

    ----------------------------------------------------------------------

      Code (inc. data)   RO Data    RW Data    ZI Data      Debug   Library Member Name

         8          0          0          0          0         68   __main.o
         0          0          0          0          0          0   __rtentry.o
        12          0          0          0          0          0   __rtentry2.o
         6          0          0          0          0          0   __rtentry4.o
        52          8          0          0          0          0   __scatter.o
        26          0          0          0          0          0   __scatter_copy.o
        28          0          0          0          0          0   __scatter_zi.o
        16          0          0          0          0         68   aeabi_memset4.o
        18          0          0          0          0         80   exit.o
         6          0          0          0          0        152   heapauxi.o
         0          0          0          0          0          0   indicate_semi.o
         2          0          0          0          0          0   libinit.o
         2          0          0          0          0          0   libinit2.o
         2          0          0          0          0          0   libshutdown.o
         2          0          0          0          0          0   libshutdown2.o
         8          4          0          0         96         68   libspace.o
        78          0          0          0          0         80   rt_memclr_w.o
         2          0          0          0          0          0   rtexit.o
        10          0          0          0          0          0   rtexit2.o
        12          4          0          0          0         68   sys_exit.o
        74          0          0          0          0         80   sys_stackheap_outer.o
         2          0          0          0          0         68   use_no_semi.o

    ----------------------------------------------------------------------
       372         16          0          0         96        732   Library Totals
         6          0          0          0          0          0   (incl. Padding)

    ----------------------------------------------------------------------

      Code (inc. data)   RO Data    RW Data    ZI Data      Debug   Library Name

       366         16          0          0         96        732   c_w.l

    ----------------------------------------------------------------------
       372         16          0          0         96        732   Library Totals

    ----------------------------------------------------------------------

==============================================================================


      Code (inc. data)   RO Data    RW Data    ZI Data      Debug   

     11384         70        284          8       6088      68143   Grand Totals
     11384         70        284          8       6088      68143   ELF Image Totals
     11384         70        284          8          0          0   ROM Totals

==============================================================================

    Total RO  Size (Code + RO Data)                11668 (  11.39kB)
    Total RW  Size (RW Data + ZI Data)              6096 (   5.95kB)
    Total ROM Size (Code + RO Data + RW Data)      11676 (  11.40kB)

==============================================================================

